Archive member included because of file (symbol)

/Users/leroy_k/devkitPro/libogc/lib/cube/libgrrlib.a(GRRLIB_3D.o)
                              main.o (GRRLIB_SetBackgroundColour)
/Users/leroy_k/devkitPro/libogc/lib/cube/libgrrlib.a(GRRLIB_bmf.o)
                              main.o (GRRLIB_InitTileSet)
/Users/leroy_k/devkitPro/libogc/lib/cube/libgrrlib.a(GRRLIB_core.o)
                              /Users/leroy_k/devkitPro/libogc/lib/cube/libgrrlib.a(GRRLIB_3D.o) (rmode)
/Users/leroy_k/devkitPro/libogc/lib/cube/libgrrlib.a(GRRLIB_print.o)
                              main.o (GRRLIB_Printf)
/Users/leroy_k/devkitPro/libogc/lib/cube/libgrrlib.a(GRRLIB_render.o)
                              /Users/leroy_k/devkitPro/libogc/lib/cube/libgrrlib.a(GRRLIB_print.o) (GRRLIB_DrawTile)
/Users/leroy_k/devkitPro/libogc/lib/cube/libgrrlib.a(GRRLIB_texEdit.o)
                              main.o (GRRLIB_LoadTexture)
/Users/leroy_k/devkitPro/libogc/lib/cube/libgrrlib.a(GRRLIB_ttf.o)
                              /Users/leroy_k/devkitPro/libogc/lib/cube/libgrrlib.a(GRRLIB_core.o) (GRRLIB_InitTTF)
/Users/leroy_k/devkitPro/libogc/lib/cube/libfreetype.a(ftinit.o)
                              /Users/leroy_k/devkitPro/libogc/lib/cube/libgrrlib.a(GRRLIB_ttf.o) (FT_Init_FreeType)
/Users/leroy_k/devkitPro/libogc/lib/cube/libfreetype.a(ftbase.o)
                              /Users/leroy_k/devkitPro/libogc/lib/cube/libgrrlib.a(GRRLIB_ttf.o) (FT_Load_Glyph)
/Users/leroy_k/devkitPro/libogc/lib/cube/libfreetype.a(truetype.o)
                              /Users/leroy_k/devkitPro/libogc/lib/cube/libfreetype.a(ftinit.o) (tt_driver_class)
/Users/leroy_k/devkitPro/libogc/lib/cube/libfreetype.a(type1.o)
                              /Users/leroy_k/devkitPro/libogc/lib/cube/libfreetype.a(ftinit.o) (t1_driver_class)
/Users/leroy_k/devkitPro/libogc/lib/cube/libfreetype.a(cff.o)
                              /Users/leroy_k/devkitPro/libogc/lib/cube/libfreetype.a(ftinit.o) (cff_driver_class)
/Users/leroy_k/devkitPro/libogc/lib/cube/libfreetype.a(type1cid.o)
                              /Users/leroy_k/devkitPro/libogc/lib/cube/libfreetype.a(ftinit.o) (t1cid_driver_class)
/Users/leroy_k/devkitPro/libogc/lib/cube/libfreetype.a(pfr.o)
                              /Users/leroy_k/devkitPro/libogc/lib/cube/libfreetype.a(ftinit.o) (pfr_driver_class)
/Users/leroy_k/devkitPro/libogc/lib/cube/libfreetype.a(type42.o)
                              /Users/leroy_k/devkitPro/libogc/lib/cube/libfreetype.a(ftinit.o) (t42_driver_class)
/Users/leroy_k/devkitPro/libogc/lib/cube/libfreetype.a(winfnt.o)
                              /Users/leroy_k/devkitPro/libogc/lib/cube/libfreetype.a(ftinit.o) (winfnt_driver_class)
/Users/leroy_k/devkitPro/libogc/lib/cube/libfreetype.a(pcf.o)
                              /Users/leroy_k/devkitPro/libogc/lib/cube/libfreetype.a(ftinit.o) (pcf_driver_class)
/Users/leroy_k/devkitPro/libogc/lib/cube/libfreetype.a(bdf.o)
                              /Users/leroy_k/devkitPro/libogc/lib/cube/libfreetype.a(ftinit.o) (bdf_driver_class)
/Users/leroy_k/devkitPro/libogc/lib/cube/libfreetype.a(sfnt.o)
                              /Users/leroy_k/devkitPro/libogc/lib/cube/libfreetype.a(ftinit.o) (sfnt_module_class)
/Users/leroy_k/devkitPro/libogc/lib/cube/libfreetype.a(autofit.o)
                              /Users/leroy_k/devkitPro/libogc/lib/cube/libfreetype.a(ftinit.o) (autofit_module_class)
/Users/leroy_k/devkitPro/libogc/lib/cube/libfreetype.a(pshinter.o)
                              /Users/leroy_k/devkitPro/libogc/lib/cube/libfreetype.a(ftinit.o) (pshinter_module_class)
/Users/leroy_k/devkitPro/libogc/lib/cube/libfreetype.a(raster.o)
                              /Users/leroy_k/devkitPro/libogc/lib/cube/libfreetype.a(ftinit.o) (ft_raster1_renderer_class)
/Users/leroy_k/devkitPro/libogc/lib/cube/libfreetype.a(smooth.o)
                              /Users/leroy_k/devkitPro/libogc/lib/cube/libfreetype.a(ftinit.o) (ft_smooth_renderer_class)
/Users/leroy_k/devkitPro/libogc/lib/cube/libfreetype.a(ftgzip.o)
                              /Users/leroy_k/devkitPro/libogc/lib/cube/libfreetype.a(pcf.o) (FT_Stream_OpenGzip)
/Users/leroy_k/devkitPro/libogc/lib/cube/libfreetype.a(ftlzw.o)
                              /Users/leroy_k/devkitPro/libogc/lib/cube/libfreetype.a(pcf.o) (FT_Stream_OpenLZW)
/Users/leroy_k/devkitPro/libogc/lib/cube/libfreetype.a(psaux.o)
                              /Users/leroy_k/devkitPro/libogc/lib/cube/libfreetype.a(ftinit.o) (psaux_module_class)
/Users/leroy_k/devkitPro/libogc/lib/cube/libfreetype.a(psnames.o)
                              /Users/leroy_k/devkitPro/libogc/lib/cube/libfreetype.a(ftinit.o) (psnames_module_class)
/Users/leroy_k/devkitPro/libogc/lib/cube/libfreetype.a(ftsystem.o)
                              /Users/leroy_k/devkitPro/libogc/lib/cube/libfreetype.a(ftbase.o) (FT_Stream_Open)
/Users/leroy_k/devkitPro/libogc/lib/cube/libpngu.a(pngu.o)
[...]
Memory Configuration

Name             Origin             Length             Attributes
*default*        0x00000000         0xffffffff

Linker script and memory map

                0x80003100                . = 0x80003100

.init           0x80003100      0x194
 *crt0.o(*.init)
 .init          0x80003100      0x170 /Users/leroy_k/devkitPro/libogc/lib/cube/libogc.a(ogc_crt0.o)
                0x80003100                _start
                0x80003240                _memset
 *(.init)
 .init          0x80003270        0xc /Users/leroy_k/devkitPro/devkitPPC/bin/../lib/gcc/powerpc-eabi/4.8.2/ecrti.o
                0x80003270                __init
 .init          0x8000327c        0x4 /Users/leroy_k/devkitPro/devkitPPC/bin/../lib/gcc/powerpc-eabi/4.8.2/crtbegin.o
 .init          0x80003280        0x4 /Users/leroy_k/devkitPro/devkitPPC/bin/../lib/gcc/powerpc-eabi/4.8.2/crtend.o
 .init          0x80003284       0x10 /Users/leroy_k/devkitPro/devkitPPC/bin/../lib/gcc/powerpc-eabi/4.8.2/ecrtn.o

.rela.dyn       0x80003294        0x0
 .rela.iplt     0x00000000        0x0 /Users/leroy_k/devkitPro/devkitPPC/bin/../lib/gcc/powerpc-eabi/4.8.2/crtbegin.o

.plt
 *(.plt)

.interp
 *(.interp)

.hash
 *(.hash)

.dynsym
 *(.dynsym)

.dynstr
 *(.dynstr)

.gnu.version
 *(.gnu.version)

.gnu.version_d
 *(.gnu.version_d)

.gnu.version_r
 *(.gnu.version_r)

.rel.init
 *(.rel.init)

.rela.init      0x80003294        0x0
 *(.rela.init)
 .rela.init     0x00000000        0x0 /Users/leroy_k/devkitPro/devkitPPC/bin/../lib/gcc/powerpc-eabi/4.8.2/crtbegin.o

.rel.text
 *(.rel.text .rel.text.* .rel.gnu.linkonce.t.*)

.rela.text      0x80003294        0x0
 *(.rela.text .rela.text.* .rela.gnu.linkonce.t.*)
 .rela.text     0x00000000        0x0 /Users/leroy_k/devkitPro/devkitPPC/bin/../lib/gcc/powerpc-eabi/4.8.2/crtbegin.o
 .rela.text.startup.main
                0x00000000        0x0 /Users/leroy_k/devkitPro/devkitPPC/bin/../lib/gcc/powerpc-eabi/4.8.2/crtbegin.o
 .rela.text.GRRLIB_3dMode
                0x00000000        0x0 /Users/leroy_k/devkitPro/devkitPPC/bin/../lib/gcc/powerpc-eabi/4.8.2/crtbegin.o
 .rela.text.GRRLIB_2dMode
                0x00000000        0x0 /Users/leroy_k/devkitPro/devkitPPC/bin/../lib/gcc/powerpc-eabi/4.8.2/crtbegin.o
 .rela.text.GRRLIB_ObjectViewEnd
                0x00000000        0x0 /Users/leroy_k/devkitPro/devkitPPC/bin/../lib/gcc/powerpc-eabi/4.8.2/crtbegin.o
 .rela.text.GRRLIB_ObjectView
                0x00000000        0x0 /Users/leroy_k/devkitPro/devkitPPC/bin/../lib/gcc/powerpc-eabi/4.8.2/crtbegin.o
 .rela.text.GRRLIB_ObjectViewInv
                0x00000000        0x0 /Users/leroy_k/devkitPro/devkitPPC/bin/../lib/gcc/powerpc-eabi/4.8.2/crtbegin.o
 .rela.text.GRRLIB_SetTexture
                0x00000000        0x0 /Users/leroy_k/devkitPro/devkitPPC/bin/../lib/gcc/powerpc-eabi/4.8.2/crtbegin.o
 .rela.text.GRRLIB_DrawTorus
                0x00000000        0x0 /Users/leroy_k/devkitPro/devkitPPC/bin/../lib/gcc/powerpc-eabi/4.8.2/crtbegin.o
 .rela.text.GRRLIB_DrawSphere
                0x00000000        0x0 /Users/leroy_k/devkitPro/devkitPPC/bin/../lib/gcc/powerpc-eabi/4.8.2/crtbegin.o
 .rela.text.GRRLIB_DrawCube
                0x00000000        0x0 /Users/leroy_k/devkitPro/devkitPPC/bin/../lib/gcc/powerpc-eabi/4.8.2/crtbegin.o
 .rela.text.GRRLIB_DrawCylinder
                0x00000000        0x0 /Users/leroy_k/devkitPro/devkitPPC/bin/../lib/gcc/powerpc-eabi/4.8.2/crtbegin.o
 .rela.text.GRRLIB_DrawCone
                0x00000000        0x0 /Users/leroy_k/devkitPro/devkitPPC/bin/../lib/gcc/powerpc-eabi/4.8.2/crtbegin.o
 .rela.text.GRRLIB_DrawTessPanel
                0x00000000        0x0 /Users/leroy_k/devkitPro/devkitPPC/bin/../lib/gcc/powerpc-eabi/4.8.2/crtbegin.o
 .rela.text.GRRLIB_SetLightDiff
                0x00000000        0x0 /Users/leroy_k/devkitPro/devkitPPC/bin/../lib/gcc/powerpc-eabi/4.8.2/crtbegin.o
 .rela.text.GRRLIB_SetLightSpec
                0x00000000        0x0 /Users/leroy_k/devkitPro/devkitPPC/bin/../lib/gcc/powerpc-eabi/4.8.2/crtbegin.o
 .rela.text.GRRLIB_SetLightSpot
                0x00000000        0x0 /Users/leroy_k/devkitPro/devkitPPC/bin/../lib/gcc/powerpc-eabi/4.8.2/crtbegin.o
 .rela.text.GRRLIB_SetLightOff
                0x00000000        0x0 /Users/leroy_k/devkitPro/devkitPPC/bin/../lib/gcc/powerpc-eabi/4.8.2/crtbegin.o
 .rela.text.GRRLIB_ClipReset
                0x00000000        0x0 /Users/leroy_k/devkitPro/devkitPPC/bin/../lib/gcc/powerpc-eabi/4.8.2/crtbegin.o
 .rela.text.GRRLIB_GXEngine
                0x00000000        0x0 /Users/leroy_k/devkitPro/devkitPPC/bin/../lib/gcc/powerpc-eabi/4.8.2/crtbegin.o
 .rela.text.GRRLIB_Plot
                0x00000000        0x0 /Users/leroy_k/devkitPro/devkitPPC/bin/../lib/gcc/powerpc-eabi/4.8.2/crtbegin.o
 .rela.text.GRRLIB_Line
                0x00000000        0x0 /Users/leroy_k/devkitPro/devkitPPC/bin/../lib/gcc/powerpc-eabi/4.8.2/crtbegin.o
 .rela.text.GRRLIB_Rectangle
                0x00000000        0x0 /Users/leroy_k/devkitPro/devkitPPC/bin/../lib/gcc/powerpc-eabi/4.8.2/crtbegin.o
 .rela.text.GRRLIB_FillScreen
                0x00000000        0x0 /Users/leroy_k/devkitPro/devkitPPC/bin/../lib/gcc/powerpc-eabi/4.8.2/crtbegin.o
 .rela.text.GRRLIB_Exit
                0x00000000        0x0 /Users/leroy_k/devkitPro/devkitPPC/bin/../lib/gcc/powerpc-eabi/4.8.2/crtbegin.o
 .rela.text.GRRLIB_SetBlend
                0x00000000        0x0 /Users/leroy_k/devkitPro/devkitPPC/bin/../lib/gcc/powerpc-eabi/4.8.2/crtbegin.o
 .rela.text.GRRLIB_GetBlend
                0x00000000        0x0 /Users/leroy_k/devkitPro/devkitPPC/bin/../lib/gcc/powerpc-eabi/4.8.2/crtbegin.o
 .rela.text.GRRLIB_SetAntiAliasing
                0x00000000        0x0 /Users/leroy_k/devkitPro/devkitPPC/bin/../lib/gcc/powerpc-eabi/4.8.2/crtbegin.o
 .rela.text.GRRLIB_GetAntiAliasing
                0x00000000        0x0 /Users/leroy_k/devkitPro/devkitPPC/bin/../lib/gcc/powerpc-eabi/4.8.2/crtbegin.o
 .rela.text.GRRLIB_Init
                0x00000000        0x0 /Users/leroy_k/devkitPro/devkitPPC/bin/../lib/gcc/powerpc-eabi/4.8.2/crtbegin.o
 .rela.text.GRRLIB_PrintBMF
                0x00000000        0x0 /Users/leroy_k/devkitPro/devkitPPC/bin/../lib/gcc/powerpc-eabi/4.8.2/crtbegin.o
 .rela.text.GRRLIB_DrawImg
                0x00000000        0x0 /Users/leroy_k/devkitPro/devkitPPC/bin/../lib/gcc/powerpc-eabi/4.8.2/crtbegin.o
 .rela.text.GRRLIB_DrawImgQuad
                0x00000000        0x0 /Users/leroy_k/devkitPro/devkitPPC/bin/../lib/gcc/powerpc-eabi/4.8.2/crtbegin.o
 .rela.text.GRRLIB_DrawTile
                0x00000000        0x0 /Users/leroy_k/devkitPro/devkitPPC/bin/../lib/gcc/powerpc-eabi/4.8.2/crtbegin.o
 .rela.text.GRRLIB_DrawPart
                0x00000000        0x0 /Users/leroy_k/devkitPro/devkitPPC/bin/../lib/gcc/powerpc-eabi/4.8.2/crtbegin.o
 .rela.text.GRRLIB_DrawTileQuad
                0x00000000        0x0 /Users/leroy_k/devkitPro/devkitPPC/bin/../lib/gcc/powerpc-eabi/4.8.2/crtbegin.o
 .rela.text.GRRLIB_Render
                0x00000000        0x0 /Users/leroy_k/devkitPro/devkitPPC/bin/../lib/gcc/powerpc-eabi/4.8.2/crtbegin.o
 .rela.text.GRRLIB_PrintfTTFW
                0x00000000        0x0 /Users/leroy_k/devkitPro/devkitPPC/bin/../lib/gcc/powerpc-eabi/4.8.2/crtbegin.o
 .rela.text.png_warning
                0x00000000        0x0 /Users/leroy_k/devkitPro/devkitPPC/bin/../lib/gcc/powerpc-eabi/4.8.2/crtbegin.o
 .rela.text.png_error
                0x00000000        0x0 /Users/leroy_k/devkitPro/devkitPPC/bin/../lib/gcc/powerpc-eabi/4.8.2/crtbegin.o
 .rela.text.png_create_read_struct_2
                0x00000000        0x0 /Users/leroy_k/devkitPro/devkitPPC/bin/../lib/gcc/powerpc-eabi/4.8.2/crtbegin.o
 .rela.text.png_create_write_struct_2
                0x00000000        0x0 /Users/leroy_k/devkitPro/devkitPPC/bin/../lib/gcc/powerpc-eabi/4.8.2/crtbegin.o
 .rela.text.jpeg_stdio_src
                0x00000000        0x0 /Users/leroy_k/devkitPro/devkitPPC/bin/../lib/gcc/powerpc-eabi/4.8.2/crtbegin.o
 .rela.text.jpeg_mem_src
                0x00000000        0x0 /Users/leroy_k/devkitPro/devkitPPC/bin/../lib/gcc/powerpc-eabi/4.8.2/crtbegin.o
 .rela.text.consume_markers
                0x00000000        0x0 /Users/leroy_k/devkitPro/devkitPPC/bin/../lib/gcc/powerpc-eabi/4.8.2/crtbegin.o
 .rela.text.read_markers
                0x00000000        0x0 /Users/leroy_k/devkitPro/devkitPPC/bin/../lib/gcc/powerpc-eabi/4.8.2/crtbegin.o
 .rela.text.output_message
                0x00000000        0x0 /Users/leroy_k/devkitPro/devkitPPC/bin/../lib/gcc/powerpc-eabi/4.8.2/crtbegin.o
 .rela.text.arith_decode
                0x00000000        0x0 /Users/leroy_k/devkitPro/devkitPPC/bin/../lib/gcc/powerpc-eabi/4.8.2/crtbegin.o
 .rela.text.start_pass
                0x00000000        0x0 /Users/leroy_k/devkitPro/devkitPPC/bin/../lib/gcc/powerpc-eabi/4.8.2/crtbegin.o
 .rela.text.deflate_slow
                0x00000000        0x0 /Users/leroy_k/devkitPro/devkitPPC/bin/../lib/gcc/powerpc-eabi/4.8.2/crtbegin.o
 .rela.text.deflate_fast
                0x00000000        0x0 /Users/leroy_k/devkitPro/devkitPPC/bin/../lib/gcc/powerpc-eabi/4.8.2/crtbegin.o
 .rela.text.deflate
                0x00000000        0x0 /Users/leroy_k/devkitPro/devkitPPC/bin/../lib/gcc/powerpc-eabi/4.8.2/crtbegin.o
 .rela.text.deflateInit2_
                0x00000000        0x0 /Users/leroy_k/devkitPro/devkitPPC/bin/../lib/gcc/powerpc-eabi/4.8.2/crtbegin.o
 .rela.text.inflateInit2_
                0x00000000        0x0 /Users/leroy_k/devkitPro/devkitPPC/bin/../lib/gcc/powerpc-eabi/4.8.2/crtbegin.o
 .rela.text.fatUnmount
                0x00000000        0x0 /Users/leroy_k/devkitPro/devkitPPC/bin/../lib/gcc/powerpc-eabi/4.8.2/crtbegin.o
 .rela.text.fatInit
                0x00000000        0x0 /Users/leroy_k/devkitPro/devkitPPC/bin/../lib/gcc/powerpc-eabi/4.8.2/crtbegin.o
 .rela.text.fatGetVolumeLabel
                0x00000000        0x0 /Users/leroy_k/devkitPro/devkitPPC/bin/../lib/gcc/powerpc-eabi/4.8.2/crtbegin.o
 .rela.text.get_io_gcsda
                0x00000000        0x0 /Users/leroy_k/devkitPro/devkitPPC/bin/../lib/gcc/powerpc-eabi/4.8.2/crtbegin.o
 .rela.text.get_io_gcsdb
                0x00000000        0x0 /Users/leroy_k/devkitPro/devkitPPC/bin/../lib/gcc/powerpc-eabi/4.8.2/crtbegin.o
 .rela.text._FAT_directory_entryGetAlias
                0x00000000        0x0 /Users/leroy_k/devkitPro/devkitPPC/bin/../lib/gcc/powerpc-eabi/4.8.2/crtbegin.o
 .rela.text.__lwp_mutex_locksupp.constprop.7
                0x00000000        0x0 /Users/leroy_k/devkitPro/devkitPPC/bin/../lib/gcc/powerpc-eabi/4.8.2/crtbegin.o
 .rela.text.__lwp_mutex_init
                0x00000000        0x0 /Users/leroy_k/devkitPro/devkitPPC/bin/../lib/gcc/powerpc-eabi/4.8.2/crtbegin.o
 .rela.text.LWP_MutexInit
                0x00000000        0x0 /Users/leroy_k/devkitPro/devkitPPC/bin/../lib/gcc/powerpc-eabi/4.8.2/crtbegin.o
 .rela.text.LWP_MutexDestroy
                0x00000000        0x0 /Users/leroy_k/devkitPro/devkitPPC/bin/../lib/gcc/powerpc-eabi/4.8.2/crtbegin.o
 .rela.text.LWP_MutexUnlock
                0x00000000        0x0 /Users/leroy_k/devkitPro/devkitPPC/bin/../lib/gcc/powerpc-eabi/4.8.2/crtbegin.o
 .rela.text.__call_resetfuncs
                0x00000000        0x0 /Users/leroy_k/devkitPro/devkitPPC/bin/../lib/gcc/powerpc-eabi/4.8.2/crtbegin.o
 .rela.text.__locksram
                0x00000000        0x0 /Users/leroy_k/devkitPro/devkitPPC/bin/../lib/gcc/powerpc-eabi/4.8.2/crtbegin.o
 .rela.text.__lwp_wd_insert_ticks
                0x00000000        0x0 /Users/leroy_k/devkitPro/devkitPPC/bin/../lib/gcc/powerpc-eabi/4.8.2/crtbegin.o
 .rela.text.__sram_writecallback
                0x00000000        0x0 /Users/leroy_k/devkitPro/devkitPPC/bin/../lib/gcc/powerpc-eabi/4.8.2/crtbegin.o
 .rela.text.__unlocksram
                0x00000000        0x0 /Users/leroy_k/devkitPro/devkitPPC/bin/../lib/gcc/powerpc-eabi/4.8.2/crtbegin.o
 .rela.text.__sram_init
                0x00000000        0x0 /Users/leroy_k/devkitPro/devkitPPC/bin/../lib/gcc/powerpc-eabi/4.8.2/crtbegin.o
 .rela.text.__SYS_SyncSram
                0x00000000        0x0 /Users/leroy_k/devkitPro/devkitPPC/bin/../lib/gcc/powerpc-eabi/4.8.2/crtbegin.o
 .rela.text.SYS_ResetSystem
                0x00000000        0x0 /Users/leroy_k/devkitPro/devkitPPC/bin/../lib/gcc/powerpc-eabi/4.8.2/crtbegin.o
 .rela.text.SYS_Init
                0x00000000        0x0 /Users/leroy_k/devkitPro/devkitPPC/bin/../lib/gcc/powerpc-eabi/4.8.2/crtbegin.o
 .rela.text.SYS_RemoveAlarm
                0x00000000        0x0 /Users/leroy_k/devkitPro/devkitPPC/bin/../lib/gcc/powerpc-eabi/4.8.2/crtbegin.o
 .rela.text.SYS_CancelAlarm
                0x00000000        0x0 /Users/leroy_k/devkitPro/devkitPPC/bin/../lib/gcc/powerpc-eabi/4.8.2/crtbegin.o
 .rela.text.__lwp_cond_open
                0x00000000        0x0 /Users/leroy_k/devkitPro/devkitPPC/bin/../lib/gcc/powerpc-eabi/4.8.2/crtbegin.o
 .rela.text.__lwp_cond_init
                0x00000000        0x0 /Users/leroy_k/devkitPro/devkitPPC/bin/../lib/gcc/powerpc-eabi/4.8.2/crtbegin.o
 .rela.text.LWP_CondInit
                0x00000000        0x0 /Users/leroy_k/devkitPro/devkitPPC/bin/../lib/gcc/powerpc-eabi/4.8.2/crtbegin.o
 .rela.text.LWP_CondDestroy
                0x00000000        0x0 /Users/leroy_k/devkitPro/devkitPPC/bin/../lib/gcc/powerpc-eabi/4.8.2/crtbegin.o
 .rela.text.__GX_FifoLink
                0x00000000        0x0 /Users/leroy_k/devkitPro/devkitPPC/bin/../lib/gcc/powerpc-eabi/4.8.2/crtbegin.o
 .rela.text.__GX_WriteFifoIntEnable
                0x00000000        0x0 /Users/leroy_k/devkitPro/devkitPPC/bin/../lib/gcc/powerpc-eabi/4.8.2/crtbegin.o
 .rela.text.__GX_FifoReadEnable
                0x00000000        0x0 /Users/leroy_k/devkitPro/devkitPPC/bin/../lib/gcc/powerpc-eabi/4.8.2/crtbegin.o
 .rela.text.__GX_FifoReadDisable
                0x00000000        0x0 /Users/leroy_k/devkitPro/devkitPPC/bin/../lib/gcc/powerpc-eabi/4.8.2/crtbegin.o
 .rela.text.__GXDefTlutRegionCallback
                0x00000000        0x0 /Users/leroy_k/devkitPro/devkitPPC/bin/../lib/gcc/powerpc-eabi/4.8.2/crtbegin.o
 .rela.text.__GX_FlushTextureState
                0x00000000        0x0 /Users/leroy_k/devkitPro/devkitPPC/bin/../lib/gcc/powerpc-eabi/4.8.2/crtbegin.o
 .rela.text.__SetSURegs
                0x00000000        0x0 /Users/leroy_k/devkitPro/devkitPPC/bin/../lib/gcc/powerpc-eabi/4.8.2/crtbegin.o
 .rela.text.__SETVCDFMT
                0x00000000        0x0 /Users/leroy_k/devkitPro/devkitPPC/bin/../lib/gcc/powerpc-eabi/4.8.2/crtbegin.o
 .rela.text.__GX_SetMatrixIndex.part.1
                0x00000000        0x0 /Users/leroy_k/devkitPro/devkitPPC/bin/../lib/gcc/powerpc-eabi/4.8.2/crtbegin.o
 .rela.text.__SETVCDATTR
                0x00000000        0x0 /Users/leroy_k/devkitPro/devkitPPC/bin/../lib/gcc/powerpc-eabi/4.8.2/crtbegin.o
 .rela.text.__GXDefTexRegionCallback
                0x00000000        0x0 /Users/leroy_k/devkitPro/devkitPPC/bin/../lib/gcc/powerpc-eabi/4.8.2/crtbegin.o
 .rela.text.__GX_WriteFifoIntReset.constprop.11
                0x00000000        0x0 /Users/leroy_k/devkitPro/devkitPPC/bin/../lib/gcc/powerpc-eabi/4.8.2/crtbegin.o
 .rela.text.__GXCPInterruptHandler
                0x00000000        0x0 /Users/leroy_k/devkitPro/devkitPPC/bin/../lib/gcc/powerpc-eabi/4.8.2/crtbegin.o
 .rela.text.__GX_SetDirtyState
                0x00000000        0x0 /Users/leroy_k/devkitPro/devkitPPC/bin/../lib/gcc/powerpc-eabi/4.8.2/crtbegin.o
 .rela.text.GX_Flush
                0x00000000        0x0 /Users/leroy_k/devkitPro/devkitPPC/bin/../lib/gcc/powerpc-eabi/4.8.2/crtbegin.o
 .rela.text.GX_EnableBreakPt
                0x00000000        0x0 /Users/leroy_k/devkitPro/devkitPPC/bin/../lib/gcc/powerpc-eabi/4.8.2/crtbegin.o
 .rela.text.GX_DisableBreakPt
                0x00000000        0x0 /Users/leroy_k/devkitPro/devkitPPC/bin/../lib/gcc/powerpc-eabi/4.8.2/crtbegin.o
 .rela.text.GX_AbortFrame
                0x00000000        0x0 /Users/leroy_k/devkitPro/devkitPPC/bin/../lib/gcc/powerpc-eabi/4.8.2/crtbegin.o
 .rela.text.GX_PixModeSync
                0x00000000        0x0 /Users/leroy_k/devkitPro/devkitPPC/bin/../lib/gcc/powerpc-eabi/4.8.2/crtbegin.o
 .rela.text.GX_SetMisc
                0x00000000        0x0 /Users/leroy_k/devkitPro/devkitPPC/bin/../lib/gcc/powerpc-eabi/4.8.2/crtbegin.o
 .rela.text.GX_SetCopyClamp
                0x00000000        0x0 /Users/leroy_k/devkitPro/devkitPPC/bin/../lib/gcc/powerpc-eabi/4.8.2/crtbegin.o
 .rela.text.GX_SetDispCopyGamma
                0x00000000        0x0 /Users/leroy_k/devkitPro/devkitPPC/bin/../lib/gcc/powerpc-eabi/4.8.2/crtbegin.o
 .rela.text.GX_SetDispCopyFrame2Field
                0x00000000        0x0 /Users/leroy_k/devkitPro/devkitPPC/bin/../lib/gcc/powerpc-eabi/4.8.2/crtbegin.o
 .rela.text.GX_SetDispCopyYScale
                0x00000000        0x0 /Users/leroy_k/devkitPro/devkitPPC/bin/../lib/gcc/powerpc-eabi/4.8.2/crtbegin.o
 .rela.text.GX_SetDispCopyDst
                0x00000000        0x0 /Users/leroy_k/devkitPro/devkitPPC/bin/../lib/gcc/powerpc-eabi/4.8.2/crtbegin.o
 .rela.text.GX_SetDispCopySrc
                0x00000000        0x0 /Users/leroy_k/devkitPro/devkitPPC/bin/../lib/gcc/powerpc-eabi/4.8.2/crtbegin.o
 .rela.text.GX_CopyDisp
                0x00000000        0x0 /Users/leroy_k/devkitPro/devkitPPC/bin/../lib/gcc/powerpc-eabi/4.8.2/crtbegin.o
 .rela.text.GX_CopyTex
                0x00000000        0x0 /Users/leroy_k/devkitPro/devkitPPC/bin/../lib/gcc/powerpc-eabi/4.8.2/crtbegin.o
 .rela.text.GX_SetTexCopySrc
                0x00000000        0x0 /Users/leroy_k/devkitPro/devkitPPC/bin/../lib/gcc/powerpc-eabi/4.8.2/crtbegin.o
 .rela.text.GX_SetTexCopyDst
                0x00000000        0x0 /Users/leroy_k/devkitPro/devkitPPC/bin/../lib/gcc/powerpc-eabi/4.8.2/crtbegin.o
 .rela.text.GX_BeginDispList
                0x00000000        0x0 /Users/leroy_k/devkitPro/devkitPPC/bin/../lib/gcc/powerpc-eabi/4.8.2/crtbegin.o
 .rela.text.GX_EndDispList
                0x00000000        0x0 /Users/leroy_k/devkitPro/devkitPPC/bin/../lib/gcc/powerpc-eabi/4.8.2/crtbegin.o
 .rela.text.GX_CallDispList
                0x00000000        0x0 /Users/leroy_k/devkitPro/devkitPPC/bin/../lib/gcc/powerpc-eabi/4.8.2/crtbegin.o
 .rela.text.GX_SetChanCtrl
                0x00000000        0x0 /Users/leroy_k/devkitPro/devkitPPC/bin/../lib/gcc/powerpc-eabi/4.8.2/crtbegin.o
 .rela.text.GX_SetChanAmbColor
                0x00000000        0x0 /Users/leroy_k/devkitPro/devkitPPC/bin/../lib/gcc/powerpc-eabi/4.8.2/crtbegin.o
 .rela.text.GX_SetChanMatColor
                0x00000000        0x0 /Users/leroy_k/devkitPro/devkitPPC/bin/../lib/gcc/powerpc-eabi/4.8.2/crtbegin.o
 .rela.text.GX_SetVtxDesc
                0x00000000        0x0 /Users/leroy_k/devkitPro/devkitPPC/bin/../lib/gcc/powerpc-eabi/4.8.2/crtbegin.o
 .rela.text.GX_SetVtxDescv
                0x00000000        0x0 /Users/leroy_k/devkitPro/devkitPPC/bin/../lib/gcc/powerpc-eabi/4.8.2/crtbegin.o
 .rela.text.GX_GetVtxDescv
                0x00000000        0x0 /Users/leroy_k/devkitPro/devkitPPC/bin/../lib/gcc/powerpc-eabi/4.8.2/crtbegin.o
 .rela.text.GX_SetVtxAttrFmt
                0x00000000        0x0 /Users/leroy_k/devkitPro/devkitPPC/bin/../lib/gcc/powerpc-eabi/4.8.2/crtbegin.o
 .rela.text.GX_SetVtxAttrFmtv
                0x00000000        0x0 /Users/leroy_k/devkitPro/devkitPPC/bin/../lib/gcc/powerpc-eabi/4.8.2/crtbegin.o
 .rela.text.GX_Begin
                0x00000000        0x0 /Users/leroy_k/devkitPro/devkitPPC/bin/../lib/gcc/powerpc-eabi/4.8.2/crtbegin.o
 .rela.text.GX_SetTexCoordGen2
                0x00000000        0x0 /Users/leroy_k/devkitPro/devkitPPC/bin/../lib/gcc/powerpc-eabi/4.8.2/crtbegin.o
 .rela.text.GX_SetCurrentMtx
                0x00000000        0x0 /Users/leroy_k/devkitPro/devkitPPC/bin/../lib/gcc/powerpc-eabi/4.8.2/crtbegin.o
 .rela.text.GX_SetNumTexGens
                0x00000000        0x0 /Users/leroy_k/devkitPro/devkitPPC/bin/../lib/gcc/powerpc-eabi/4.8.2/crtbegin.o
 .rela.text.GX_SetZMode
                0x00000000        0x0 /Users/leroy_k/devkitPro/devkitPPC/bin/../lib/gcc/powerpc-eabi/4.8.2/crtbegin.o
 .rela.text.GX_LoadTexObjPreloaded
                0x00000000        0x0 /Users/leroy_k/devkitPro/devkitPPC/bin/../lib/gcc/powerpc-eabi/4.8.2/crtbegin.o
 .rela.text.GX_SetTexCoordScaleManually
                0x00000000        0x0 /Users/leroy_k/devkitPro/devkitPPC/bin/../lib/gcc/powerpc-eabi/4.8.2/crtbegin.o
 .rela.text.GX_SetTexCoordCylWrap
                0x00000000        0x0 /Users/leroy_k/devkitPro/devkitPPC/bin/../lib/gcc/powerpc-eabi/4.8.2/crtbegin.o
 .rela.text.GX_SetTexCoordBias
                0x00000000        0x0 /Users/leroy_k/devkitPro/devkitPPC/bin/../lib/gcc/powerpc-eabi/4.8.2/crtbegin.o
 .rela.text.GX_SetBlendMode
                0x00000000        0x0 /Users/leroy_k/devkitPro/devkitPPC/bin/../lib/gcc/powerpc-eabi/4.8.2/crtbegin.o
 .rela.text.GX_ClearVtxDesc
                0x00000000        0x0 /Users/leroy_k/devkitPro/devkitPPC/bin/../lib/gcc/powerpc-eabi/4.8.2/crtbegin.o
 .rela.text.GX_SetLineWidth
                0x00000000        0x0 /Users/leroy_k/devkitPro/devkitPPC/bin/../lib/gcc/powerpc-eabi/4.8.2/crtbegin.o
 .rela.text.GX_SetPointSize
                0x00000000        0x0 /Users/leroy_k/devkitPro/devkitPPC/bin/../lib/gcc/powerpc-eabi/4.8.2/crtbegin.o
 .rela.text.GX_SetTevColorIn
                0x00000000        0x0 /Users/leroy_k/devkitPro/devkitPPC/bin/../lib/gcc/powerpc-eabi/4.8.2/crtbegin.o
 .rela.text.GX_SetTevAlphaIn
                0x00000000        0x0 /Users/leroy_k/devkitPro/devkitPPC/bin/../lib/gcc/powerpc-eabi/4.8.2/crtbegin.o
 .rela.text.GX_SetTevColorOp
                0x00000000        0x0 /Users/leroy_k/devkitPro/devkitPPC/bin/../lib/gcc/powerpc-eabi/4.8.2/crtbegin.o
 .rela.text.GX_SetTevAlphaOp
                0x00000000        0x0 /Users/leroy_k/devkitPro/devkitPPC/bin/../lib/gcc/powerpc-eabi/4.8.2/crtbegin.o
 .rela.text.GX_SetCullMode
                0x00000000        0x0 /Users/leroy_k/devkitPro/devkitPPC/bin/../lib/gcc/powerpc-eabi/4.8.2/crtbegin.o
 .rela.text.GX_SetCoPlanar
                0x00000000        0x0 /Users/leroy_k/devkitPro/devkitPPC/bin/../lib/gcc/powerpc-eabi/4.8.2/crtbegin.o
 .rela.text.GX_EnableTexOffsets
                0x00000000        0x0 /Users/leroy_k/devkitPro/devkitPPC/bin/../lib/gcc/powerpc-eabi/4.8.2/crtbegin.o
 .rela.text.GX_SetScissor
                0x00000000        0x0 /Users/leroy_k/devkitPro/devkitPPC/bin/../lib/gcc/powerpc-eabi/4.8.2/crtbegin.o
 .rela.text.GX_SetNumChans
                0x00000000        0x0 /Users/leroy_k/devkitPro/devkitPPC/bin/../lib/gcc/powerpc-eabi/4.8.2/crtbegin.o
 .rela.text.GX_SetTevOrder
                0x00000000        0x0 /Users/leroy_k/devkitPro/devkitPPC/bin/../lib/gcc/powerpc-eabi/4.8.2/crtbegin.o
 .rela.text.GX_SetNumTevStages
                0x00000000        0x0 /Users/leroy_k/devkitPro/devkitPPC/bin/../lib/gcc/powerpc-eabi/4.8.2/crtbegin.o
 .rela.text.GX_SetTevKColorSel
                0x00000000        0x0 /Users/leroy_k/devkitPro/devkitPPC/bin/../lib/gcc/powerpc-eabi/4.8.2/crtbegin.o
 .rela.text.GX_SetTevKAlphaSel
                0x00000000        0x0 /Users/leroy_k/devkitPro/devkitPPC/bin/../lib/gcc/powerpc-eabi/4.8.2/crtbegin.o
 .rela.text.GX_SetTevSwapMode
                0x00000000        0x0 /Users/leroy_k/devkitPro/devkitPPC/bin/../lib/gcc/powerpc-eabi/4.8.2/crtbegin.o
 .rela.text.GX_SetTevSwapModeTable
                0x00000000        0x0 /Users/leroy_k/devkitPro/devkitPPC/bin/../lib/gcc/powerpc-eabi/4.8.2/crtbegin.o
 .rela.text.GX_SetNumIndStages
                0x00000000        0x0 /Users/leroy_k/devkitPro/devkitPPC/bin/../lib/gcc/powerpc-eabi/4.8.2/crtbegin.o
 .rela.text.GX_SetIndTexCoordScale
                0x00000000        0x0 /Users/leroy_k/devkitPro/devkitPPC/bin/../lib/gcc/powerpc-eabi/4.8.2/crtbegin.o
 .rela.text.GX_SetColorUpdate
                0x00000000        0x0 /Users/leroy_k/devkitPro/devkitPPC/bin/../lib/gcc/powerpc-eabi/4.8.2/crtbegin.o
 .rela.text.GX_SetAlphaUpdate
                0x00000000        0x0 /Users/leroy_k/devkitPro/devkitPPC/bin/../lib/gcc/powerpc-eabi/4.8.2/crtbegin.o
 .rela.text.GX_SetZCompLoc
                0x00000000        0x0 /Users/leroy_k/devkitPro/devkitPPC/bin/../lib/gcc/powerpc-eabi/4.8.2/crtbegin.o
 .rela.text.GX_SetPixelFmt
                0x00000000        0x0 /Users/leroy_k/devkitPro/devkitPPC/bin/../lib/gcc/powerpc-eabi/4.8.2/crtbegin.o
 .rela.text.GX_SetDither
                0x00000000        0x0 /Users/leroy_k/devkitPro/devkitPPC/bin/../lib/gcc/powerpc-eabi/4.8.2/crtbegin.o
 .rela.text.GX_SetDstAlpha
                0x00000000        0x0 /Users/leroy_k/devkitPro/devkitPPC/bin/../lib/gcc/powerpc-eabi/4.8.2/crtbegin.o
 .rela.text.GX_SetFieldMode
                0x00000000        0x0 /Users/leroy_k/devkitPro/devkitPPC/bin/../lib/gcc/powerpc-eabi/4.8.2/crtbegin.o
 .rela.text.GX_SetIndTexOrder
                0x00000000        0x0 /Users/leroy_k/devkitPro/devkitPPC/bin/../lib/gcc/powerpc-eabi/4.8.2/crtbegin.o
 .rela.text.GX_SetGPMetric
                0x00000000        0x0 /Users/leroy_k/devkitPro/devkitPPC/bin/../lib/gcc/powerpc-eabi/4.8.2/crtbegin.o
 .rela.text.GX_Init
                0x00000000        0x0 /Users/leroy_k/devkitPro/devkitPPC/bin/../lib/gcc/powerpc-eabi/4.8.2/crtbegin.o
 .rela.text.GX_ReadGPMetric
                0x00000000        0x0 /Users/leroy_k/devkitPro/devkitPPC/bin/../lib/gcc/powerpc-eabi/4.8.2/crtbegin.o
 .rela.text.c_decrementer_handler
                0x00000000        0x0 /Users/leroy_k/devkitPro/devkitPPC/bin/../lib/gcc/powerpc-eabi/4.8.2/crtbegin.o
 .rela.text.__lwp_mqbox_open
                0x00000000        0x0 /Users/leroy_k/devkitPro/devkitPPC/bin/../lib/gcc/powerpc-eabi/4.8.2/crtbegin.o
 .rela.text.__lwp_mqbox_init
                0x00000000        0x0 /Users/leroy_k/devkitPro/devkitPPC/bin/../lib/gcc/powerpc-eabi/4.8.2/crtbegin.o
 .rela.text.MQ_Init
                0x00000000        0x0 /Users/leroy_k/devkitPro/devkitPPC/bin/../lib/gcc/powerpc-eabi/4.8.2/crtbegin.o
 .rela.text.MQ_Close
                0x00000000        0x0 /Users/leroy_k/devkitPro/devkitPPC/bin/../lib/gcc/powerpc-eabi/4.8.2/crtbegin.o
 .rela.text.nanosleep
                0x00000000        0x0 /Users/leroy_k/devkitPro/devkitPPC/bin/../lib/gcc/powerpc-eabi/4.8.2/crtbegin.o
 .rela.text.__libc_delete_hook
                0x00000000        0x0 /Users/leroy_k/devkitPro/devkitPPC/bin/../lib/gcc/powerpc-eabi/4.8.2/crtbegin.o
 .rela.text.__libc_init
                0x00000000        0x0 /Users/leroy_k/devkitPro/devkitPPC/bin/../lib/gcc/powerpc-eabi/4.8.2/crtbegin.o
 .rela.text.__libc_wrapup
                0x00000000        0x0 /Users/leroy_k/devkitPro/devkitPPC/bin/../lib/gcc/powerpc-eabi/4.8.2/crtbegin.o
 .rela.text.__CheckARGV
                0x00000000        0x0 /Users/leroy_k/devkitPro/devkitPPC/bin/../lib/gcc/powerpc-eabi/4.8.2/crtbegin.o
 .rela.text.__lwp_priority_init
                0x00000000        0x0 /Users/leroy_k/devkitPro/devkitPPC/bin/../lib/gcc/powerpc-eabi/4.8.2/crtbegin.o
 .rela.text.__lwp_threadqueue_enqueuefifo
                0x00000000        0x0 /Users/leroy_k/devkitPro/devkitPPC/bin/../lib/gcc/powerpc-eabi/4.8.2/crtbegin.o
 .rela.text.__lwp_threadqueue_dequeuefifo
                0x00000000        0x0 /Users/leroy_k/devkitPro/devkitPPC/bin/../lib/gcc/powerpc-eabi/4.8.2/crtbegin.o
 .rela.text.__lwp_threadqueue_enqueuepriority
                0x00000000        0x0 /Users/leroy_k/devkitPro/devkitPPC/bin/../lib/gcc/powerpc-eabi/4.8.2/crtbegin.o
 .rela.text.__lwp_threadqueue_dequeuepriority
                0x00000000        0x0 /Users/leroy_k/devkitPro/devkitPPC/bin/../lib/gcc/powerpc-eabi/4.8.2/crtbegin.o
 .rela.text.__lwp_threadqueue_enqueue
                0x00000000        0x0 /Users/leroy_k/devkitPro/devkitPPC/bin/../lib/gcc/powerpc-eabi/4.8.2/crtbegin.o
 .rela.text.__lwp_threadqueue_extractfifo
                0x00000000        0x0 /Users/leroy_k/devkitPro/devkitPPC/bin/../lib/gcc/powerpc-eabi/4.8.2/crtbegin.o
 .rela.text.__lwp_threadqueue_extractpriority
                0x00000000        0x0 /Users/leroy_k/devkitPro/devkitPPC/bin/../lib/gcc/powerpc-eabi/4.8.2/crtbegin.o
 .rela.text.__lwp_thread_calcheir
                0x00000000        0x0 /Users/leroy_k/devkitPro/devkitPPC/bin/../lib/gcc/powerpc-eabi/4.8.2/crtbegin.o
 .rela.text.__lwp_wd_insert_ticks.constprop.4
                0x00000000        0x0 /Users/leroy_k/devkitPro/devkitPPC/bin/../lib/gcc/powerpc-eabi/4.8.2/crtbegin.o
 .rela.text.__lwp_rotate_readyqueue
                0x00000000        0x0 /Users/leroy_k/devkitPro/devkitPPC/bin/../lib/gcc/powerpc-eabi/4.8.2/crtbegin.o
 .rela.text.__lwp_thread_setpriority
                0x00000000        0x0 /Users/leroy_k/devkitPro/devkitPPC/bin/../lib/gcc/powerpc-eabi/4.8.2/crtbegin.o
 .rela.text.__lwp_thread_close
                0x00000000        0x0 /Users/leroy_k/devkitPro/devkitPPC/bin/../lib/gcc/powerpc-eabi/4.8.2/crtbegin.o
 .rela.text.__lwp_thread_closeall
                0x00000000        0x0 /Users/leroy_k/devkitPro/devkitPPC/bin/../lib/gcc/powerpc-eabi/4.8.2/crtbegin.o
 .rela.text.__lwp_thread_startmultitasking
                0x00000000        0x0 /Users/leroy_k/devkitPro/devkitPPC/bin/../lib/gcc/powerpc-eabi/4.8.2/crtbegin.o
 .rela.text.__lwp_thread_stopmultitasking
                0x00000000        0x0 /Users/leroy_k/devkitPro/devkitPPC/bin/../lib/gcc/powerpc-eabi/4.8.2/crtbegin.o
 .rela.text.__lwp_thread_coreinit
                0x00000000        0x0 /Users/leroy_k/devkitPro/devkitPPC/bin/../lib/gcc/powerpc-eabi/4.8.2/crtbegin.o
 .rela.text.__lwpmq_initialize
                0x00000000        0x0 /Users/leroy_k/devkitPro/devkitPPC/bin/../lib/gcc/powerpc-eabi/4.8.2/crtbegin.o
 .rela.text.__lwpmq_close
                0x00000000        0x0 /Users/leroy_k/devkitPro/devkitPPC/bin/../lib/gcc/powerpc-eabi/4.8.2/crtbegin.o
 .rela.text.__lwp_cntrl_open
                0x00000000        0x0 /Users/leroy_k/devkitPro/devkitPPC/bin/../lib/gcc/powerpc-eabi/4.8.2/crtbegin.o
 .rela.text.__lwp_tqueue_open
                0x00000000        0x0 /Users/leroy_k/devkitPro/devkitPPC/bin/../lib/gcc/powerpc-eabi/4.8.2/crtbegin.o
 .rela.text.__lwp_cntrl_free
                0x00000000        0x0 /Users/leroy_k/devkitPro/devkitPPC/bin/../lib/gcc/powerpc-eabi/4.8.2/crtbegin.o
 .rela.text.__lwp_sysinit
                0x00000000        0x0 /Users/leroy_k/devkitPro/devkitPPC/bin/../lib/gcc/powerpc-eabi/4.8.2/crtbegin.o
 .rela.text.__lwp_thread_isalive
                0x00000000        0x0 /Users/leroy_k/devkitPro/devkitPPC/bin/../lib/gcc/powerpc-eabi/4.8.2/crtbegin.o
 .rela.text.__lwp_thread_exists
                0x00000000        0x0 /Users/leroy_k/devkitPro/devkitPPC/bin/../lib/gcc/powerpc-eabi/4.8.2/crtbegin.o
 .rela.text.__lwp_thread_context
                0x00000000        0x0 /Users/leroy_k/devkitPro/devkitPPC/bin/../lib/gcc/powerpc-eabi/4.8.2/crtbegin.o
 .rela.text.LWP_CreateThread
                0x00000000        0x0 /Users/leroy_k/devkitPro/devkitPPC/bin/../lib/gcc/powerpc-eabi/4.8.2/crtbegin.o
 .rela.text.LWP_InitQueue
                0x00000000        0x0 /Users/leroy_k/devkitPro/devkitPPC/bin/../lib/gcc/powerpc-eabi/4.8.2/crtbegin.o
 .rela.text.LWP_CloseQueue
                0x00000000        0x0 /Users/leroy_k/devkitPro/devkitPPC/bin/../lib/gcc/powerpc-eabi/4.8.2/crtbegin.o
 .rela.text.__lwp_stack_allocate
                0x00000000        0x0 /Users/leroy_k/devkitPro/devkitPPC/bin/../lib/gcc/powerpc-eabi/4.8.2/crtbegin.o
 .rela.text.__lwp_stack_free
                0x00000000        0x0 /Users/leroy_k/devkitPro/devkitPPC/bin/../lib/gcc/powerpc-eabi/4.8.2/crtbegin.o
 .rela.text.__lwp_watchdog_init
                0x00000000        0x0 /Users/leroy_k/devkitPro/devkitPPC/bin/../lib/gcc/powerpc-eabi/4.8.2/crtbegin.o
 .rela.text.__lwp_wd_tickle
                0x00000000        0x0 /Users/leroy_k/devkitPro/devkitPPC/bin/../lib/gcc/powerpc-eabi/4.8.2/crtbegin.o
 .rela.text.__lwp_wkspace_heapfree
                0x00000000        0x0 /Users/leroy_k/devkitPro/devkitPPC/bin/../lib/gcc/powerpc-eabi/4.8.2/crtbegin.o
 .rela.text.__lwp_wkspace_heapused
                0x00000000        0x0 /Users/leroy_k/devkitPro/devkitPPC/bin/../lib/gcc/powerpc-eabi/4.8.2/crtbegin.o
 .rela.text.__lwp_wkspace_init
                0x00000000        0x0 /Users/leroy_k/devkitPro/devkitPPC/bin/../lib/gcc/powerpc-eabi/4.8.2/crtbegin.o
 .rela.text.__lwp_objmgr_initinfo
                0x00000000        0x0 /Users/leroy_k/devkitPro/devkitPPC/bin/../lib/gcc/powerpc-eabi/4.8.2/crtbegin.o
 .rela.text.__systemcall_init
                0x00000000        0x0 /Users/leroy_k/devkitPro/devkitPPC/bin/../lib/gcc/powerpc-eabi/4.8.2/crtbegin.o
 .rela.text.__exception_init
                0x00000000        0x0 /Users/leroy_k/devkitPro/devkitPPC/bin/../lib/gcc/powerpc-eabi/4.8.2/crtbegin.o
 .rela.text.__exception_close
                0x00000000        0x0 /Users/leroy_k/devkitPro/devkitPPC/bin/../lib/gcc/powerpc-eabi/4.8.2/crtbegin.o
 .rela.text.__exception_sethandler
                0x00000000        0x0 /Users/leroy_k/devkitPro/devkitPPC/bin/../lib/gcc/powerpc-eabi/4.8.2/crtbegin.o
 .rela.text.__irq_init
                0x00000000        0x0 /Users/leroy_k/devkitPro/devkitPPC/bin/../lib/gcc/powerpc-eabi/4.8.2/crtbegin.o
 .rela.text.__lwp_sema_open
                0x00000000        0x0 /Users/leroy_k/devkitPro/devkitPPC/bin/../lib/gcc/powerpc-eabi/4.8.2/crtbegin.o
 .rela.text.__lwp_sema_init
                0x00000000        0x0 /Users/leroy_k/devkitPro/devkitPPC/bin/../lib/gcc/powerpc-eabi/4.8.2/crtbegin.o
 .rela.text.LWP_SemInit
                0x00000000        0x0 /Users/leroy_k/devkitPro/devkitPPC/bin/../lib/gcc/powerpc-eabi/4.8.2/crtbegin.o
 .rela.text.LWP_SemDestroy
                0x00000000        0x0 /Users/leroy_k/devkitPro/devkitPPC/bin/../lib/gcc/powerpc-eabi/4.8.2/crtbegin.o
 .rela.text.kprintf
                0x00000000        0x0 /Users/leroy_k/devkitPro/devkitPPC/bin/../lib/gcc/powerpc-eabi/4.8.2/crtbegin.o
 .rela.text.__card_readcid
                0x00000000        0x0 /Users/leroy_k/devkitPro/devkitPPC/bin/../lib/gcc/powerpc-eabi/4.8.2/crtbegin.o
 .rela.text.__card_readcsd
                0x00000000        0x0 /Users/leroy_k/devkitPro/devkitPPC/bin/../lib/gcc/powerpc-eabi/4.8.2/crtbegin.o
 .rela.text.__card_sd_status
                0x00000000        0x0 /Users/leroy_k/devkitPro/devkitPPC/bin/../lib/gcc/powerpc-eabi/4.8.2/crtbegin.o
 .rela.text.sdgecko_initIO
                0x00000000        0x0 /Users/leroy_k/devkitPro/devkitPPC/bin/../lib/gcc/powerpc-eabi/4.8.2/crtbegin.o
 .rela.text.__console_init
                0x00000000        0x0 /Users/leroy_k/devkitPro/devkitPPC/bin/../lib/gcc/powerpc-eabi/4.8.2/crtbegin.o
 .rela.text.__console_init_ex
                0x00000000        0x0 /Users/leroy_k/devkitPro/devkitPPC/bin/../lib/gcc/powerpc-eabi/4.8.2/crtbegin.o
 .rela.text.CON_EnableGecko
                0x00000000        0x0 /Users/leroy_k/devkitPro/devkitPPC/bin/../lib/gcc/powerpc-eabi/4.8.2/crtbegin.o
 .rela.text.pow
                0x00000000        0x0 /Users/leroy_k/devkitPro/devkitPPC/bin/../lib/gcc/powerpc-eabi/4.8.2/crtbegin.o
 .rela.text.sine
                0x00000000        0x0 /Users/leroy_k/devkitPro/devkitPPC/bin/../lib/gcc/powerpc-eabi/4.8.2/crtbegin.o
 .rela.text.sinef
                0x00000000        0x0 /Users/leroy_k/devkitPro/devkitPPC/bin/../lib/gcc/powerpc-eabi/4.8.2/crtbegin.o
 .rela.text.sqrtf
                0x00000000        0x0 /Users/leroy_k/devkitPro/devkitPPC/bin/../lib/gcc/powerpc-eabi/4.8.2/crtbegin.o
 .rela.text.tanf
                0x00000000        0x0 /Users/leroy_k/devkitPro/devkitPPC/bin/../lib/gcc/powerpc-eabi/4.8.2/crtbegin.o
 .rela.text.exp
                0x00000000        0x0 /Users/leroy_k/devkitPro/devkitPPC/bin/../lib/gcc/powerpc-eabi/4.8.2/crtbegin.o
 .rela.text.ldexp
                0x00000000        0x0 /Users/leroy_k/devkitPro/devkitPPC/bin/../lib/gcc/powerpc-eabi/4.8.2/crtbegin.o
 .rela.text.logarithm
                0x00000000        0x0 /Users/leroy_k/devkitPro/devkitPPC/bin/../lib/gcc/powerpc-eabi/4.8.2/crtbegin.o
 .rela.text.calloc
                0x00000000        0x0 /Users/leroy_k/devkitPro/devkitPPC/bin/../lib/gcc/powerpc-eabi/4.8.2/crtbegin.o
 .rela.text.__errno
                0x00000000        0x0 /Users/leroy_k/devkitPro/devkitPPC/bin/../lib/gcc/powerpc-eabi/4.8.2/crtbegin.o
 .rela.text.exit
                0x00000000        0x0 /Users/leroy_k/devkitPro/devkitPPC/bin/../lib/gcc/powerpc-eabi/4.8.2/crtbegin.o
 .rela.text.fclose
                0x00000000        0x0 /Users/leroy_k/devkitPro/devkitPPC/bin/../lib/gcc/powerpc-eabi/4.8.2/crtbegin.o
 .rela.text.fflush
                0x00000000        0x0 /Users/leroy_k/devkitPro/devkitPPC/bin/../lib/gcc/powerpc-eabi/4.8.2/crtbegin.o
 .rela.text.std.isra.0
                0x00000000        0x0 /Users/leroy_k/devkitPro/devkitPPC/bin/../lib/gcc/powerpc-eabi/4.8.2/crtbegin.o
 .rela.text._cleanup
                0x00000000        0x0 /Users/leroy_k/devkitPro/devkitPPC/bin/../lib/gcc/powerpc-eabi/4.8.2/crtbegin.o
 .rela.text.__sfp
                0x00000000        0x0 /Users/leroy_k/devkitPro/devkitPPC/bin/../lib/gcc/powerpc-eabi/4.8.2/crtbegin.o
 .rela.text.__fp_lock_all
                0x00000000        0x0 /Users/leroy_k/devkitPro/devkitPPC/bin/../lib/gcc/powerpc-eabi/4.8.2/crtbegin.o
 .rela.text.__fp_unlock_all
                0x00000000        0x0 /Users/leroy_k/devkitPro/devkitPPC/bin/../lib/gcc/powerpc-eabi/4.8.2/crtbegin.o
 .rela.text._fopen_r
                0x00000000        0x0 /Users/leroy_k/devkitPro/devkitPPC/bin/../lib/gcc/powerpc-eabi/4.8.2/crtbegin.o
 .rela.text.fopen
                0x00000000        0x0 /Users/leroy_k/devkitPro/devkitPPC/bin/../lib/gcc/powerpc-eabi/4.8.2/crtbegin.o
 .rela.text.fprintf
                0x00000000        0x0 /Users/leroy_k/devkitPro/devkitPPC/bin/../lib/gcc/powerpc-eabi/4.8.2/crtbegin.o
 .rela.text.fputc
                0x00000000        0x0 /Users/leroy_k/devkitPro/devkitPPC/bin/../lib/gcc/powerpc-eabi/4.8.2/crtbegin.o
 .rela.text.fread
                0x00000000        0x0 /Users/leroy_k/devkitPro/devkitPPC/bin/../lib/gcc/powerpc-eabi/4.8.2/crtbegin.o
 .rela.text._malloc_trim_r
                0x00000000        0x0 /Users/leroy_k/devkitPro/devkitPPC/bin/../lib/gcc/powerpc-eabi/4.8.2/crtbegin.o
 .rela.text._free_r
                0x00000000        0x0 /Users/leroy_k/devkitPro/devkitPPC/bin/../lib/gcc/powerpc-eabi/4.8.2/crtbegin.o
 .rela.text.fseek
                0x00000000        0x0 /Users/leroy_k/devkitPro/devkitPPC/bin/../lib/gcc/powerpc-eabi/4.8.2/crtbegin.o
 .rela.text._fseeko_r
                0x00000000        0x0 /Users/leroy_k/devkitPro/devkitPPC/bin/../lib/gcc/powerpc-eabi/4.8.2/crtbegin.o
 .rela.text.fseeko
                0x00000000        0x0 /Users/leroy_k/devkitPro/devkitPPC/bin/../lib/gcc/powerpc-eabi/4.8.2/crtbegin.o
 .rela.text.ftell
                0x00000000        0x0 /Users/leroy_k/devkitPro/devkitPPC/bin/../lib/gcc/powerpc-eabi/4.8.2/crtbegin.o
 .rela.text.ftello
                0x00000000        0x0 /Users/leroy_k/devkitPro/devkitPPC/bin/../lib/gcc/powerpc-eabi/4.8.2/crtbegin.o
 .rela.text.fwrite
                0x00000000        0x0 /Users/leroy_k/devkitPro/devkitPPC/bin/../lib/gcc/powerpc-eabi/4.8.2/crtbegin.o
 .rela.text._findenv
                0x00000000        0x0 /Users/leroy_k/devkitPro/devkitPPC/bin/../lib/gcc/powerpc-eabi/4.8.2/crtbegin.o
 .rela.text.getenv
                0x00000000        0x0 /Users/leroy_k/devkitPro/devkitPPC/bin/../lib/gcc/powerpc-eabi/4.8.2/crtbegin.o
 .rela.text._findenv_r
                0x00000000        0x0 /Users/leroy_k/devkitPro/devkitPPC/bin/../lib/gcc/powerpc-eabi/4.8.2/crtbegin.o
 .rela.text.gmtime
                0x00000000        0x0 /Users/leroy_k/devkitPro/devkitPPC/bin/../lib/gcc/powerpc-eabi/4.8.2/crtbegin.o
 .rela.text.loadlocale
                0x00000000        0x0 /Users/leroy_k/devkitPro/devkitPPC/bin/../lib/gcc/powerpc-eabi/4.8.2/crtbegin.o
 .rela.text.__smakebuf_r
                0x00000000        0x0 /Users/leroy_k/devkitPro/devkitPPC/bin/../lib/gcc/powerpc-eabi/4.8.2/crtbegin.o
 .rela.text._mbrtowc_r
                0x00000000        0x0 /Users/leroy_k/devkitPro/devkitPPC/bin/../lib/gcc/powerpc-eabi/4.8.2/crtbegin.o
 .rela.text.mbrtowc
                0x00000000        0x0 /Users/leroy_k/devkitPro/devkitPPC/bin/../lib/gcc/powerpc-eabi/4.8.2/crtbegin.o
 .rela.text._mbstowcs_r
                0x00000000        0x0 /Users/leroy_k/devkitPro/devkitPPC/bin/../lib/gcc/powerpc-eabi/4.8.2/crtbegin.o
 .rela.text.mktime
                0x00000000        0x0 /Users/leroy_k/devkitPro/devkitPPC/bin/../lib/gcc/powerpc-eabi/4.8.2/crtbegin.o
 .rela.text._mktm_r
                0x00000000        0x0 /Users/leroy_k/devkitPro/devkitPPC/bin/../lib/gcc/powerpc-eabi/4.8.2/crtbegin.o
 .rela.text.sscanf
                0x00000000        0x0 /Users/leroy_k/devkitPro/devkitPPC/bin/../lib/gcc/powerpc-eabi/4.8.2/crtbegin.o
 .rela.text._sscanf_r
                0x00000000        0x0 /Users/leroy_k/devkitPro/devkitPPC/bin/../lib/gcc/powerpc-eabi/4.8.2/crtbegin.o
 .rela.text._strtod_r
                0x00000000        0x0 /Users/leroy_k/devkitPro/devkitPPC/bin/../lib/gcc/powerpc-eabi/4.8.2/crtbegin.o
 .rela.text.__ssvfscanf_r
                0x00000000        0x0 /Users/leroy_k/devkitPro/devkitPPC/bin/../lib/gcc/powerpc-eabi/4.8.2/crtbegin.o
 .rela.text._wcrtomb_r
                0x00000000        0x0 /Users/leroy_k/devkitPro/devkitPPC/bin/../lib/gcc/powerpc-eabi/4.8.2/crtbegin.o
 .rela.text.wcrtomb
                0x00000000        0x0 /Users/leroy_k/devkitPro/devkitPPC/bin/../lib/gcc/powerpc-eabi/4.8.2/crtbegin.o
 .rela.text.wctob
                0x00000000        0x0 /Users/leroy_k/devkitPro/devkitPPC/bin/../lib/gcc/powerpc-eabi/4.8.2/crtbegin.o
 .rela.text._dtoa_r
                0x00000000        0x0 /Users/leroy_k/devkitPro/devkitPPC/bin/../lib/gcc/powerpc-eabi/4.8.2/crtbegin.o
 .rela.text.__hexdig_init
                0x00000000        0x0 /Users/leroy_k/devkitPro/devkitPPC/bin/../lib/gcc/powerpc-eabi/4.8.2/crtbegin.o
 .rela.text.__gethex
                0x00000000        0x0 /Users/leroy_k/devkitPro/devkitPPC/bin/../lib/gcc/powerpc-eabi/4.8.2/crtbegin.o
 .rela.text.__hexnan
                0x00000000        0x0 /Users/leroy_k/devkitPro/devkitPPC/bin/../lib/gcc/powerpc-eabi/4.8.2/crtbegin.o

.rel.fini
 *(.rel.fini)

.rela.fini
 *(.rela.fini)

.rel.rodata
 *(.rel.rodata .rel.rodata.* .rel.gnu.linkonce.r.*)

.rela.rodata    0x80003294        0x0
 *(.rela.rodata .rela.rodata.* .rela.gnu.linkonce.r.*)
 .rela.rodata.cst4
                0x00000000        0x0 /Users/leroy_k/devkitPro/devkitPPC/bin/../lib/gcc/powerpc-eabi/4.8.2/crtbegin.o
 .rela.rodata   0x00000000        0x0 /Users/leroy_k/devkitPro/devkitPPC/bin/../lib/gcc/powerpc-eabi/4.8.2/crtbegin.o
 .rela.rodata.CSWTCH.85
                0x00000000        0x0 /Users/leroy_k/devkitPro/devkitPPC/bin/../lib/gcc/powerpc-eabi/4.8.2/crtbegin.o
 .rela.rodata.dotab_fat
                0x00000000        0x0 /Users/leroy_k/devkitPro/devkitPPC/bin/../lib/gcc/powerpc-eabi/4.8.2/crtbegin.o

.rel.data
 *(.rel.data .rel.data.* .rel.gnu.linkonce.d.*)

.rela.data
 *(.rela.data .rela.data.* .rela.gnu.linkonce.d.*)

.rel.tdata
 *(.rel.tdata .rel.tdata.* .rel.gnu.linkonce.td.*)

.rela.tdata
 *(.rela.tdata .rela.tdata.* .rela.gnu.linkonce.td.*)

.rel.tbss
 *(.rel.tbss .rel.tbss.* .rel.gnu.linkonce.tb.*)

.rela.tbss
 *(.rela.tbss .rela.tbss.* .rela.gnu.linkonce.tb.*)

.rel.ctors
 *(.rel.ctors)

.rela.ctors
 *(.rela.ctors)

.rel.dtors
 *(.rel.dtors)

.rela.dtors
 *(.rela.dtors)

.rel.got
 *(.rel.got)

.rela.got
 *(.rela.got)

.rela.got1
 *(.rela.got1)

.rela.got2      0x80003294        0x0
 *(.rela.got2)
 .rela.got2     0x00000000        0x0 /Users/leroy_k/devkitPro/devkitPPC/bin/../lib/gcc/powerpc-eabi/4.8.2/crtbegin.o

.rel.sdata
 *(.rel.sdata .rel.sdata.* .rel.gnu.linkonce.s.*)

.rela.sdata
 *(.rela.sdata .rela.sdata.* .rela.gnu.linkonce.s.*)

.rel.sbss
 *(.rel.sbss .rel.sbss.* .rel.gnu.linkonce.sb.*)

.rela.sbss
 *(.rela.sbss .rela.sbss.* .rel.gnu.linkonce.sb.*)

.rel.sdata2
 *(.rel.sdata2 .rel.sdata2.* .rel.gnu.linkonce.s2.*)

.rela.sdata2    0x80003294        0x0
 *(.rela.sdata2 .rela.sdata2.* .rela.gnu.linkonce.s2.*)
 .rela.sdata2.__sys_inIPL
                0x00000000        0x0 /Users/leroy_k/devkitPro/devkitPPC/bin/../lib/gcc/powerpc-eabi/4.8.2/crtbegin.o

.rel.sbss2
 *(.rel.sbss2 .rel.sbss2.* .rel.gnu.linkonce.sb2.*)

.rela.sbss2
 *(.rela.sbss2 .rela.sbss2.* .rela.gnu.linkonce.sb2.*)

.rel.bss
 *(.rel.bss .rel.bss.* .rel.gnu.linkonce.b.*)

.rela.bss
 *(.rela.bss .rela.bss.* .rela.gnu.linkonce.b.*)

.rel.plt
 *(.rel.plt)

.rela.plt
 *(.rela.plt)

.text           0x800032a0    0xf73e0
 *(.text)
 .text          0x800032a0      0x1e0 /Users/leroy_k/devkitPro/devkitPPC/bin/../lib/gcc/powerpc-eabi/4.8.2/crtbegin.o
 .text          0x80003480       0x44 /Users/leroy_k/devkitPro/devkitPPC/bin/../lib/gcc/powerpc-eabi/4.8.2/../../../../powerpc-eabi/lib/crtmain.o
                0x80003484                __crtmain
 .text          0x800034c4      0x160 /Users/leroy_k/devkitPro/libogc/lib/cube/libfreetype.a(ftinit.o)
                0x800034c4                FT_Add_Default_Modules
                0x80003538                FT_Init_FreeType
                0x800035c4                FT_Done_FreeType
 .text          0x80003624    0x10f40 /Users/leroy_k/devkitPro/libogc/lib/cube/libfreetype.a(ftbase.o)
                0x80003738                FT_Get_Advance
                0x8000386c                FT_Get_Advances
                0x80003aa8                FT_RoundFix
                0x80003b04                FT_CeilFix
                0x80003b60                FT_FloorFix
                0x80003bac                FT_Sqrt32
                0x80003ef8                FT_MulDiv
                0x800040e0                FT_MulDiv_No_Round
                0x80004278                FT_MulFix
                0x800043c8                FT_DivFix
                0x80004520                FT_Matrix_Multiply
                0x800046c8                FT_Matrix_Invert
                0x80004808                FT_Matrix_Multiply_Scaled
                0x800049e0                FT_Vector_Transform_Scaled
                0x80004b00                FT_SqrtFixed
                0x80004bd8                ft_corner_orientation
                0x80004d9c                ft_corner_is_flat
                0x80004ef8                FT_GlyphLoader_New
                0x80004f78                FT_GlyphLoader_Rewind
                0x80005008                FT_GlyphLoader_Reset
                0x8000511c                FT_GlyphLoader_Done
                0x8000527c                FT_GlyphLoader_CreateExtra
                0x80005394                FT_GlyphLoader_CheckPoints
                0x800056d0                FT_GlyphLoader_CheckSubGlyphs
                0x800057e4                FT_GlyphLoader_Prepare
                0x80005854                FT_GlyphLoader_Add
                0x800059cc                FT_GlyphLoader_CopyPoints
                0x80005b70                ft_service_list_lookup
                0x80005c24                ft_validator_init
                0x80005c80                ft_validator_run
                0x80005ca8                ft_validator_error
                0x80005ce8                FT_Stream_New
                0x80005eac                FT_Stream_Free
                0x8000603c                ft_glyphslot_free_bitmap
                0x800060f0                ft_glyphslot_set_bitmap
                0x80006138                ft_glyphslot_alloc_bitmap
                0x80006418                FT_New_GlyphSlot
                0x80006568                FT_Done_GlyphSlot
                0x80006684                FT_Set_Transform
                0x80006a10                FT_Load_Glyph
                0x800070c0                FT_Load_Char
                0x80007a3c                FT_New_Face
                0x80007ac4                FT_New_Memory_Face
                0x80009228                FT_Open_Face
                0x80009934                FT_Attach_File
                0x800099ac                FT_Attach_Stream
                0x80009ad4                FT_Reference_Face
                0x80009b10                FT_Done_Face
                0x80009c1c                FT_New_Size
                0x80009dd8                FT_Done_Size
                0x80009f24                FT_Match_Size
                0x8000a15c                ft_synthesize_vertical_metrics
                0x8000a370                FT_Select_Metrics
                0x8000a4dc                FT_Request_Metrics
                0x8000a958                FT_Select_Size
                0x8000aa44                FT_Request_Size
                0x8000aba0                FT_Set_Char_Size
                0x8000acbc                FT_Set_Pixel_Sizes
                0x8000add0                FT_Get_Kerning
                0x8000afec                FT_Get_Track_Kerning
                0x8000b0ec                FT_Select_Charmap
                0x8000b218                FT_Set_Charmap
                0x8000b324                FT_Get_Charmap_Index
                0x8000b470                FT_CMap_Done
                0x8000b680                FT_CMap_New
                0x8000b86c                FT_Get_Char_Index
                0x8000b8f8                FT_Get_First_Char
                0x8000b9d8                FT_Get_Next_Char
                0x8000bad8                FT_Face_GetCharVariantIndex
                0x8000bbac                FT_Face_GetCharVariantIsDefault
                0x8000bc48                FT_Face_GetVariantSelectors
                0x8000bce0                FT_Face_GetVariantsOfChar
                0x8000bd80                FT_Face_GetCharsOfVariant
                0x8000be20                FT_Get_Name_Index
                0x8000bf74                FT_Get_Glyph_Name
                0x8000c110                FT_Get_Postscript_Name
                0x8000c258                FT_Get_Sfnt_Table
                0x8000c338                FT_Load_Sfnt_Table
                0x8000c434                FT_Sfnt_Table_Info
                0x8000c530                FT_Get_CMap_Language_ID
                0x8000c630                FT_Get_CMap_Format
                0x8000c730                FT_Activate_Size
                0x8000c7a8                FT_Lookup_Renderer
                0x8000cc04                FT_Get_Renderer
                0x8000cc50                FT_Set_Renderer
                0x8000cdac                FT_Render_Glyph_Internal
                0x8000cf34                FT_Render_Glyph
                0x8000d0b0                FT_Add_Module
                0x8000d474                FT_Get_Module
                0x8000d554                FT_Get_Module_Interface
                0x8000d5bc                ft_module_get_service
                0x8000d704                FT_Remove_Module
                0x8000d824                FT_Reference_Library
                0x8000d860                FT_New_Library
                0x8000d984                FT_Library_Version
                0x8000da40                FT_Done_Library
                0x8000dc7c                FT_Set_Debug_Hook
                0x8000dce8                FT_Get_TrueType_Engine_Type
                0x8000dd80                ft_stub_set_char_sizes
                0x8000de80                ft_stub_set_pixel_sizes
                0x8000df3c                FT_Get_SubGlyph_Info
                0x8000e054                FT_Outline_Decompose
                0x8000e734                FT_Outline_New_Internal
                0x8000e8d0                FT_Outline_New
                0x8000e944                FT_Outline_Check
                0x8000ea70                FT_Outline_Copy
                0x8000ebfc                FT_Outline_Done_Internal
                0x8000ecf8                FT_Outline_Done
                0x8000ed5c                FT_Outline_Get_CBox
                0x8000eef4                FT_Outline_Translate
                0x8000efac                FT_Outline_Reverse
                0x8000f164                FT_Outline_Render
                0x8000f2bc                FT_Outline_Get_Bitmap
                0x8000f37c                FT_Vector_Transform
                0x8000f47c                FT_Outline_Transform
                0x8000f520                FT_Outline_Embolden
                0x8000f56c                FT_Outline_EmboldenXY
                0x8000f934                FT_Outline_Get_Orientation
                0x8000fab0                FT_Raccess_Get_HeaderInfo
                0x8000fe8c                FT_Raccess_Get_DataOffsets
                0x80010274                FT_Raccess_Guess
                0x80010f28                FT_Get_Sfnt_Name_Count
                0x80010f80                FT_Get_Sfnt_Name
                0x800111c0                FT_Stream_OpenMemory
                0x80011230                FT_Stream_Close
                0x80011290                FT_Stream_Seek
                0x80011350                FT_Stream_Skip
                0x800113bc                FT_Stream_Pos
                0x800113e8                FT_Stream_Read
                0x80011444                FT_Stream_ReadAt
                0x8001155c                FT_Stream_TryRead
                0x8001166c                FT_Stream_ExtractFrame
                0x800116f0                FT_Stream_ReleaseFrame
                0x80011778                FT_Stream_EnterFrame
                0x8001196c                FT_Stream_ExitFrame
                0x800119f0                FT_Stream_GetChar
                0x80011a5c                FT_Stream_GetUShort
                0x80011b08                FT_Stream_GetUShortLE
                0x80011bb4                FT_Stream_GetUOffset
                0x80011c64                FT_Stream_GetULong
                0x80011d2c                FT_Stream_GetULongLE
                0x80011df4                FT_Stream_ReadChar
                0x80011f00                FT_Stream_ReadUShort
                0x8001206c                FT_Stream_ReadUShortLE
                0x800121d8                FT_Stream_ReadUOffset
                0x80012348                FT_Stream_ReadULong
                0x800124d0                FT_Stream_ReadULongLE
                0x80012658                FT_Stream_ReadFields
                0x800132ec                FT_Cos
                0x80013350                FT_Sin
                0x8001339c                FT_Tan
                0x8001340c                FT_Atan2
                0x80013490                FT_Vector_Unit
                0x80013514                FT_Vector_Rotate
                0x80013674                FT_Vector_Length
                0x80013764                FT_Vector_Polarize
                0x80013830                FT_Vector_From_Polar
                0x8001388c                FT_Angle_Diff
                0x80013940                ft_mem_alloc
                0x800139d0                ft_mem_qalloc
                0x80013a80                ft_mem_realloc
                0x80013b58                ft_mem_qrealloc
                0x80013cd8                ft_mem_free
                0x80013d30                ft_mem_dup
                0x80013dc4                ft_mem_strdup
                0x80013e40                ft_mem_strcpyn
                0x80013ee4                FT_List_Find
                0x80013f54                FT_List_Add
                0x80013fd0                FT_List_Insert
                0x8001404c                FT_List_Remove
                0x800140d8                FT_List_Up
                0x80014190                FT_List_Iterate
                0x80014230                FT_List_Finalize
                0x800142f8                ft_highpow2
                0x80014350                FT_Alloc
                0x800143b0                FT_QAlloc
                0x80014410                FT_Realloc
                0x80014488                FT_QRealloc
                0x80014500                FT_Free
 .text          0x80014564    0x150dc /Users/leroy_k/devkitPro/libogc/lib/cube/libfreetype.a(truetype.o)
                0x8001c950                TT_New_Context
                0x80024a48                TT_RunIns
 .text          0x80029640     0xa0dc /Users/leroy_k/devkitPro/libogc/lib/cube/libfreetype.a(type1.o)
 .text          0x8003371c     0xc4e0 /Users/leroy_k/devkitPro/libogc/lib/cube/libfreetype.a(cff.o)
 .text          0x8003fbfc     0x3670 /Users/leroy_k/devkitPro/libogc/lib/cube/libfreetype.a(type1cid.o)
 .text          0x8004326c     0x7388 /Users/leroy_k/devkitPro/libogc/lib/cube/libfreetype.a(pfr.o)
 .text          0x8004a5f4     0x3a68 /Users/leroy_k/devkitPro/libogc/lib/cube/libfreetype.a(type42.o)
 .text          0x8004e05c     0x1d98 /Users/leroy_k/devkitPro/libogc/lib/cube/libfreetype.a(winfnt.o)
 .text          0x8004fdf4     0x398c /Users/leroy_k/devkitPro/libogc/lib/cube/libfreetype.a(pcf.o)
 .text          0x80053780     0x72a0 /Users/leroy_k/devkitPro/libogc/lib/cube/libfreetype.a(bdf.o)
 .text          0x8005aa20    0x10e38 /Users/leroy_k/devkitPro/libogc/lib/cube/libfreetype.a(sfnt.o)
 .text          0x8006b858     0xb844 /Users/leroy_k/devkitPro/libogc/lib/cube/libfreetype.a(autofit.o)
                0x8006c6bc                af_glyph_hints_dump_points
                0x8006c6dc                af_glyph_hints_dump_segments
                0x8006c6fc                af_glyph_hints_get_num_segments
                0x8006c72c                af_glyph_hints_get_segment_offset
                0x8006c760                af_glyph_hints_dump_edges
 .text          0x8007709c     0x7104 /Users/leroy_k/devkitPro/libogc/lib/cube/libfreetype.a(pshinter.o)
                0x8007dccc                ps_hints_apply
 .text          0x8007e1a0     0x54f0 /Users/leroy_k/devkitPro/libogc/lib/cube/libfreetype.a(raster.o)
 .text          0x80083690     0x3aac /Users/leroy_k/devkitPro/libogc/lib/cube/libfreetype.a(smooth.o)
 .text          0x8008713c     0x6164 /Users/leroy_k/devkitPro/libogc/lib/cube/libfreetype.a(ftgzip.o)
                0x8008d040                FT_Stream_OpenGzip
 .text          0x8008d2a0     0x1664 /Users/leroy_k/devkitPro/libogc/lib/cube/libfreetype.a(ftlzw.o)
                0x8008d9e8                FT_Stream_OpenLZW
                0x8008e124                ft_lzwstate_reset
                0x8008e1a4                ft_lzwstate_init
                0x8008e24c                ft_lzwstate_done
                0x8008e304                ft_lzwstate_io
 .text          0x8008e904     0x7520 /Users/leroy_k/devkitPro/libogc/lib/cube/libfreetype.a(psaux.o)
 .text          0x80095e24      0xfac /Users/leroy_k/devkitPro/libogc/lib/cube/libfreetype.a(psnames.o)
 .text          0x80096dd0      0x40c /Users/leroy_k/devkitPro/libogc/lib/cube/libfreetype.a(ftsystem.o)
                0x80096fcc                FT_Stream_Open
                0x80097118                FT_New_Memory
                0x800971a4                FT_Done_Memory
 .text          0x800971dc      0x4f4 /Users/leroy_k/devkitPro/libogc/lib/cube/libogc.a(cache_asm.o)
                0x800971dc                DCFlashInvalidate
                0x800971f0                DCEnable
                0x80097204                DCDisable
                0x80097218                DCFreeze
                0x8009722c                DCUnfreeze
                0x80097240                DCTouchLoad
                0x80097248                DCBlockZero
                0x80097250                DCBlockStore
                0x80097258                DCBlockFlush
                0x80097260                DCBlockInvalidate
                0x80097268                DCInvalidateRange
                0x80097298                DCFlushRange
                0x800972cc                DCStoreRange
                0x80097300                DCFlushRangeNoSync
                0x80097330                DCStoreRangeNoSync
                0x80097360                DCZeroRange
                0x80097390                DCTouchRange
                0x800973c0                ICInvalidateRange
                0x800973f8                ICFlashInvalidate
                0x8009740c                ICEnable
                0x80097420                ICDisable
                0x80097434                ICFreeze
                0x80097448                ICUnfreeze
                0x8009745c                ICBlockInvalidate
                0x80097464                ICSync
                0x8009746c                L2Init
                0x800974b4                L2Enable
                0x800974d0                L2Disable
                0x800974e8                L2GlobalInvalidate
                0x80097540                __LCEnable
                0x8009760c                LCDisable
                0x80097634                LCAllocOneTag
                0x80097648                LCAllocTags
                0x80097688                LCLoadBlocks
                0x800976ac                LCStoreBlocks
 .text          0x800976d0      0x434 /Users/leroy_k/devkitPro/libogc/lib/cube/libogc.a(system_asm.o)
                0x800976d0                __realmode
                0x800976e8                __configBATS
                0x800977bc                __InitFPRS
                0x800978e8                __InitPS
                0x80097944                __InitCache
                0x8009799c                __InitSystem
                0x80097a14                __flush_cache
                0x80097a48                __reset
                0x80097ab8                __InitBATS
                0x80097ad4                SYS_SwitchFiber
 .text          0x80097b04      0x8dc /Users/leroy_k/devkitPro/libogc/lib/cube/libogc.a(gu_psasm.o)
                0x80097b04                ps_guMtxConcat
                0x80097bc8                ps_guMtxIdentity
                0x80097bf4                ps_guMtxCopy
                0x80097c28                ps_guMtxTranspose
                0x80097c78                ps_guMtxInverse
                0x80097d70                ps_guMtxInvXpose
                0x80097e38                ps_guMtxScale
                0x80097e60                ps_guMtxScaleApply
                0x80097eb8                ps_guMtxApplyScale
                0x80097f1c                ps_guMtxTrans
                0x80097f50                ps_guMtxTransApply
                0x80097f9c                ps_guMtxApplyTrans
                0x80098018                ps_guMtxRotTrig
                0x800980c8                __ps_guMtxRotAxisRadInternal
                0x80098188                ps_guMtxReflect
                0x800981f8                ps_guVecAdd
                0x8009821c                ps_guVecSub
                0x80098240                ps_guVecScale
                0x8009825c                ps_guVecNormalize
                0x800982a0                ps_guVecCross
                0x800982dc                ps_guVecDotProduct
                0x800982fc                ps_guVecMultiply
                0x80098350                ps_guVecMultiplySR
                0x800983c0                ps_guQuatDotProduct
 .text          0x800983e0      0x44c /Users/leroy_k/devkitPro/libogc/lib/cube/libogc.a(lwp_handler.o)
                0x800983e0                _cpu_context_save_fp
                0x80098520                _cpu_context_restore_fp
                0x80098660                _cpu_context_switch
                0x80098740                _cpu_context_save
                0x800987c0                _cpu_context_restore
 .text          0x8009882c      0x1ac /Users/leroy_k/devkitPro/libogc/lib/cube/libogc.a(irq_handler.o)
                0x8009882c                irq_exceptionhandler
 .text          0x800989d8      0x1ac /Users/leroy_k/devkitPro/libogc/lib/cube/libogc.a(decrementer_handler.o)
                0x800989d8                dec_exceptionhandler
 .text          0x80098b84      0x35c /Users/leroy_k/devkitPro/libogc/lib/cube/libogc.a(exception_handler.o)
                0x80098b84                exceptionhandler_start
                0x80098c00                exceptionhandler_patch
                0x80098c34                exceptionhandler_end
                0x80098c38                default_exceptionhandler
                0x80098d68                fpu_exceptionhandler
                0x80098eb0                systemcallhandler_start
                0x80098edc                systemcallhandler_end
 .text          0x80098ee0       0x40 /Users/leroy_k/devkitPro/devkitPPC/bin/../lib/gcc/powerpc-eabi/4.8.2/libgcc.a(_ashldi3.o)
                0x80098ee0                __ashldi3
 .text          0x80098f20      0x420 /Users/leroy_k/devkitPro/devkitPPC/bin/../lib/gcc/powerpc-eabi/4.8.2/libgcc.a(_divdi3.o)
                0x80098f20                __divdi3
 .text          0x80099340      0x414 /Users/leroy_k/devkitPro/devkitPPC/bin/../lib/gcc/powerpc-eabi/4.8.2/libgcc.a(_udivdi3.o)
                0x80099340                __udivdi3
 .text          0x80099754      0x3b8 /Users/leroy_k/devkitPro/devkitPPC/bin/../lib/gcc/powerpc-eabi/4.8.2/libgcc.a(_umoddi3.o)
                0x80099754                __umoddi3
 .text          0x80099b0c       0x48 /Users/leroy_k/devkitPro/devkitPPC/bin/../lib/gcc/powerpc-eabi/4.8.2/libgcc.a(eabi.o)
                0x80099b0c                __eabi
 .text          0x80099b54       0x4c /Users/leroy_k/devkitPro/devkitPPC/bin/../lib/gcc/powerpc-eabi/4.8.2/libgcc.a(crtsavfpr.o)
                0x80099b54                _savefpr_14
                0x80099b58                _savefpr_15
                0x80099b5c                _savefpr_16
                0x80099b60                _savefpr_17
                0x80099b64                _savefpr_18
                0x80099b68                _savefpr_19
                0x80099b6c                _savefpr_20
                0x80099b70                _savefpr_21
                0x80099b74                _savefpr_22
                0x80099b78                _savefpr_23
                0x80099b7c                _savefpr_24
                0x80099b80                _savefpr_25
                0x80099b84                _savefpr_26
                0x80099b88                _savefpr_27
                0x80099b8c                _savefpr_28
                0x80099b90                _savefpr_29
                0x80099b94                _savefpr_30
                0x80099b98                _savefpr_31
 .text          0x80099ba0       0x58 /Users/leroy_k/devkitPro/devkitPPC/bin/../lib/gcc/powerpc-eabi/4.8.2/libgcc.a(crtresxfpr.o)
                0x80099ba0                _restfpr_14_x
                0x80099ba4                _restfpr_15_x
                0x80099ba8                _restfpr_16_x
                0x80099bac                _restfpr_17_x
                0x80099bb0                _restfpr_18_x
                0x80099bb4                _restfpr_19_x
                0x80099bb8                _restfpr_20_x
                0x80099bbc                _restfpr_21_x
                0x80099bc0                _restfpr_22_x
                0x80099bc4                _restfpr_23_x
                0x80099bc8                _restfpr_24_x
                0x80099bcc                _restfpr_25_x
                0x80099bd0                _restfpr_26_x
                0x80099bd4                _restfpr_27_x
                0x80099bd8                _restfpr_28_x
                0x80099bdc                _restfpr_29_x
                0x80099be0                _restfpr_30_x
                0x80099be4                _restfpr_31_x
 .text          0x80099bf8       0x58 /Users/leroy_k/devkitPro/devkitPPC/bin/../lib/gcc/powerpc-eabi/4.8.2/libgcc.a(crtresxgpr.o)
                0x80099bf8                _restgpr_14_x
                0x80099bfc                _restgpr_15_x
                0x80099c00                _restgpr_16_x
                0x80099c04                _restgpr_17_x
                0x80099c08                _restgpr_18_x
                0x80099c0c                _restgpr_19_x
                0x80099c10                _restgpr_20_x
                0x80099c14                _restgpr_21_x
                0x80099c18                _restgpr_22_x
                0x80099c1c                _restgpr_23_x
                0x80099c20                _restgpr_24_x
                0x80099c24                _restgpr_25_x
                0x80099c28                _restgpr_26_x
                0x80099c2c                _restgpr_27_x
                0x80099c30                _restgpr_28_x
                0x80099c34                _restgpr_29_x
                0x80099c38                _restgpr_30_x
                0x80099c3c                _restgpr_31_x
 .text          0x80099c50       0x28 /Users/leroy_k/devkitPro/devkitPPC/bin/../lib/gcc/powerpc-eabi/4.8.2/../../../../powerpc-eabi/lib/libsysbase.a(abort.o)
                0x80099c50                abort
 .text          0x80099c78      0x2f8 /Users/leroy_k/devkitPro/devkitPPC/bin/../lib/gcc/powerpc-eabi/4.8.2/../../../../powerpc-eabi/lib/libsysbase.a(iosupport.o)
                0x80099c78                setDefaultDevice
                0x80099c90                FindDevice
                0x80099db4                RemoveDevice
                0x80099e04                AddDevice
                0x80099f20                GetDeviceOpTab
 .text          0x80099f70       0x28 /Users/leroy_k/devkitPro/devkitPPC/bin/../lib/gcc/powerpc-eabi/4.8.2/../../../../powerpc-eabi/lib/libsysbase.a(_exit.o)
                0x80099f70                _exit
 .text          0x80099f98      0x4ec /Users/leroy_k/devkitPro/devkitPPC/bin/../lib/gcc/powerpc-eabi/4.8.2/../../../../powerpc-eabi/lib/libsysbase.a(chdir.o)
                0x80099f98                _concatenate_path
                0x8009a228                chdir
                0x8009a3a8                getcwd
 .text          0x8009a484       0x88 /Users/leroy_k/devkitPro/devkitPPC/bin/../lib/gcc/powerpc-eabi/4.8.2/../../../../powerpc-eabi/lib/libsysbase.a(build_argv.o)
                0x8009a484                build_argv
 .text          0x8009a50c       0xb0 /Users/leroy_k/devkitPro/devkitPPC/bin/../lib/gcc/powerpc-eabi/4.8.2/../../../../powerpc-eabi/lib/libsysbase.a(syscall_support.o)
                0x8009a50c                __libc_lock_init
                0x8009a52c                __libc_lock_close
                0x8009a54c                __libc_lock_release
                0x8009a56c                __libc_lock_acquire
                0x8009a58c                __malloc_lock
                0x8009a5a4                __malloc_unlock
 .text          0x8009a5bc      0x180 /Users/leroy_k/devkitPro/devkitPPC/bin/../lib/gcc/powerpc-eabi/4.8.2/../../../../powerpc-eabi/lib/libc.a(lib_a-setjmp.o)
                0x8009a5bc                setjmp
                0x8009a678                longjmp
 .text          0x8009a73c       0xa0 /Users/leroy_k/devkitPro/devkitPPC/bin/../lib/gcc/powerpc-eabi/4.8.2/../../../../powerpc-eabi/lib/libsysbase.a(close.o)
                0x8009a73c                _close_r
 .text          0x8009a7dc       0xb0 /Users/leroy_k/devkitPro/devkitPPC/bin/../lib/gcc/powerpc-eabi/4.8.2/../../../../powerpc-eabi/lib/libsysbase.a(fstat.o)
                0x8009a7dc                _fstat_r
 .text          0x8009a88c        0x8 /Users/leroy_k/devkitPro/devkitPPC/bin/../lib/gcc/powerpc-eabi/4.8.2/../../../../powerpc-eabi/lib/libsysbase.a(isatty.o)
                0x8009a88c                _isatty_r
 .text          0x8009a894       0xc0 /Users/leroy_k/devkitPro/devkitPPC/bin/../lib/gcc/powerpc-eabi/4.8.2/../../../../powerpc-eabi/lib/libsysbase.a(lseek.o)
                0x8009a894                _lseek_r
 .text          0x8009a954      0x14c /Users/leroy_k/devkitPro/devkitPPC/bin/../lib/gcc/powerpc-eabi/4.8.2/../../../../powerpc-eabi/lib/libsysbase.a(open.o)
                0x8009a954                _open_r
 .text          0x8009aaa0       0xb0 /Users/leroy_k/devkitPro/devkitPPC/bin/../lib/gcc/powerpc-eabi/4.8.2/../../../../powerpc-eabi/lib/libsysbase.a(read.o)
                0x8009aaa0                _read_r
 .text          0x8009ab50       0x28 /Users/leroy_k/devkitPro/devkitPPC/bin/../lib/gcc/powerpc-eabi/4.8.2/../../../../powerpc-eabi/lib/libsysbase.a(sbrk.o)
                0x8009ab50                _sbrk_r
 .text          0x8009ab78       0xb8 /Users/leroy_k/devkitPro/devkitPPC/bin/../lib/gcc/powerpc-eabi/4.8.2/../../../../powerpc-eabi/lib/libsysbase.a(write.o)
                0x8009ab78                _write_r
 .text          0x8009ac30       0x4c /Users/leroy_k/devkitPro/devkitPPC/bin/../lib/gcc/powerpc-eabi/4.8.2/../../../../powerpc-eabi/lib/libsysbase.a(flock.o)
                0x8009ac30                __flockfile
                0x8009ac74                __funlockfile
 .text          0x8009ac7c      0x174 /Users/leroy_k/devkitPro/devkitPPC/bin/../lib/gcc/powerpc-eabi/4.8.2/../../../../powerpc-eabi/lib/libsysbase.a(handle_manager.o)
                0x8009ac7c                __release_handle
                0x8009acd8                __alloc_handle
                0x8009adc8                __get_handle
 .text          0x8009adf0       0x68 /Users/leroy_k/devkitPro/devkitPPC/bin/../lib/gcc/powerpc-eabi/4.8.2/crtend.o
 *(.text.*)
 .text.startup.main
                0x8009ae58     0x1048 main.o
                0x8009ae58                main
 .text.GRRLIB_SetBackgroundColour
                0x8009bea0       0x44 /Users/leroy_k/devkitPro/libogc/lib/cube/libgrrlib.a(GRRLIB_3D.o)
                0x8009bea0                GRRLIB_SetBackgroundColour
 .text.GRRLIB_Camera3dSettings
                0x8009bee4       0x44 /Users/leroy_k/devkitPro/libogc/lib/cube/libgrrlib.a(GRRLIB_3D.o)
                0x8009bee4                GRRLIB_Camera3dSettings
 .text.GRRLIB_3dMode
                0x8009bf28      0x254 /Users/leroy_k/devkitPro/libogc/lib/cube/libgrrlib.a(GRRLIB_3D.o)
                0x8009bf28                GRRLIB_3dMode
 .text.GRRLIB_2dMode
                0x8009c17c      0x1f8 /Users/leroy_k/devkitPro/libogc/lib/cube/libgrrlib.a(GRRLIB_3D.o)
                0x8009c17c                GRRLIB_2dMode
 .text.GRRLIB_ObjectView
                0x8009c374      0x21c /Users/leroy_k/devkitPro/libogc/lib/cube/libgrrlib.a(GRRLIB_3D.o)
                0x8009c374                GRRLIB_ObjectView
 .text.GRRLIB_DrawTorus
                0x8009c590      0x26c /Users/leroy_k/devkitPro/libogc/lib/cube/libgrrlib.a(GRRLIB_3D.o)
                0x8009c590                GRRLIB_DrawTorus
 .text.GRRLIB_InitTileSet
                0x8009c7fc       0xc8 /Users/leroy_k/devkitPro/libogc/lib/cube/libgrrlib.a(GRRLIB_bmf.o)
                0x8009c7fc                GRRLIB_InitTileSet
 .text.GRRLIB_ClipReset
                0x8009c8c4       0x3c /Users/leroy_k/devkitPro/libogc/lib/cube/libgrrlib.a(GRRLIB_core.o)
                0x8009c8c4                GRRLIB_ClipReset
 .text.GRRLIB_Rectangle
                0x8009c900      0x148 /Users/leroy_k/devkitPro/libogc/lib/cube/libgrrlib.a(GRRLIB_core.o)
                0x8009c900                GRRLIB_Rectangle
 .text.GRRLIB_FillScreen
                0x8009ca48       0x78 /Users/leroy_k/devkitPro/libogc/lib/cube/libgrrlib.a(GRRLIB_core.o)
                0x8009ca48                GRRLIB_FillScreen
 .text.GRRLIB_Exit
                0x8009cac0      0x108 /Users/leroy_k/devkitPro/libogc/lib/cube/libgrrlib.a(GRRLIB_core.o)
                0x8009cac0                GRRLIB_Exit
 .text.GRRLIB_Init
                0x8009cbc8      0x4d8 /Users/leroy_k/devkitPro/libogc/lib/cube/libgrrlib.a(GRRLIB_core.o)
                0x8009cbc8                GRRLIB_Init
 .text.GRRLIB_Printf
                0x8009d0a0      0x18c /Users/leroy_k/devkitPro/libogc/lib/cube/libgrrlib.a(GRRLIB_print.o)
                0x8009d0a0                GRRLIB_Printf
 .text.GRRLIB_DrawTile
                0x8009d22c      0x47c /Users/leroy_k/devkitPro/libogc/lib/cube/libgrrlib.a(GRRLIB_render.o)
                0x8009d22c                GRRLIB_DrawTile
 .text.GRRLIB_Render
                0x8009d6a8       0xbc /Users/leroy_k/devkitPro/libogc/lib/cube/libgrrlib.a(GRRLIB_render.o)
                0x8009d6a8                GRRLIB_Render
 .text.GRRLIB_CreatePalette
                0x8009d764       0x90 /Users/leroy_k/devkitPro/libogc/lib/cube/libgrrlib.a(GRRLIB_texEdit.o)
 .text.GRRLIB_LoadTexturePNG
                0x8009d7f4      0x140 /Users/leroy_k/devkitPro/libogc/lib/cube/libgrrlib.a(GRRLIB_texEdit.o)
                0x8009d7f4                GRRLIB_LoadTexturePNG
 .text.GRRLIB_LoadTextureBMP
                0x8009d934      0x6f8 /Users/leroy_k/devkitPro/libogc/lib/cube/libgrrlib.a(GRRLIB_texEdit.o)
                0x8009d934                GRRLIB_LoadTextureBMP
 .text.GRRLIB_LoadTextureJPGEx
                0x8009e02c      0x338 /Users/leroy_k/devkitPro/libogc/lib/cube/libgrrlib.a(GRRLIB_texEdit.o)
                0x8009e02c                GRRLIB_LoadTextureJPGEx
 .text.GRRLIB_LoadTextureJPG
                0x8009e364       0x64 /Users/leroy_k/devkitPro/libogc/lib/cube/libgrrlib.a(GRRLIB_texEdit.o)
                0x8009e364                GRRLIB_LoadTextureJPG
 .text.GRRLIB_LoadTexture
                0x8009e3c8       0x4c /Users/leroy_k/devkitPro/libogc/lib/cube/libgrrlib.a(GRRLIB_texEdit.o)
                0x8009e3c8                GRRLIB_LoadTexture
 .text.GRRLIB_InitTTF
                0x8009e414       0x34 /Users/leroy_k/devkitPro/libogc/lib/cube/libgrrlib.a(GRRLIB_ttf.o)
                0x8009e414                GRRLIB_InitTTF
 .text.GRRLIB_ExitTTF
                0x8009e448        0xc /Users/leroy_k/devkitPro/libogc/lib/cube/libgrrlib.a(GRRLIB_ttf.o)
                0x8009e448                GRRLIB_ExitTTF
 .text.pngu_read_data_from_buffer
                0x8009e454       0x68 /Users/leroy_k/devkitPro/libogc/lib/cube/libpngu.a(pngu.o)
                0x8009e454                pngu_read_data_from_buffer
 .text.pngu_free_info.part.0
                0x8009e4bc       0x80 /Users/leroy_k/devkitPro/libogc/lib/cube/libpngu.a(pngu.o)
 .text.PNGU_SelectImageFromBuffer
                0x8009e53c       0x64 /Users/leroy_k/devkitPro/libogc/lib/cube/libpngu.a(pngu.o)
                0x8009e53c                PNGU_SelectImageFromBuffer
 .text.PNGU_ReleaseImageContext
                0x8009e5a0       0x9c /Users/leroy_k/devkitPro/libogc/lib/cube/libpngu.a(pngu.o)
                0x8009e5a0                PNGU_ReleaseImageContext
 .text.pngu_info
                0x8009e63c      0x4ec /Users/leroy_k/devkitPro/libogc/lib/cube/libpngu.a(pngu.o)
                0x8009e63c                pngu_info
 .text.PNGU_GetImageProperties
                0x8009eb28       0xa0 /Users/leroy_k/devkitPro/libogc/lib/cube/libpngu.a(pngu.o)
                0x8009eb28                PNGU_GetImageProperties
 .text.pngu_decode
                0x8009ebc8      0x22c /Users/leroy_k/devkitPro/libogc/lib/cube/libpngu.a(pngu.o)
                0x8009ebc8                pngu_decode
 .text.PNGU_DecodeTo4x4RGBA8
                0x8009edf4      0x3b8 /Users/leroy_k/devkitPro/libogc/lib/cube/libpngu.a(pngu.o)
                0x8009edf4                PNGU_DecodeTo4x4RGBA8
 .text.png_build_16bit_table
                0x8009f1ac      0x24c /Users/leroy_k/devkitPro/libogc/lib/cube/libpng.a(png.o)
 .text.png_gamma_8bit_correct.part.1
                0x8009f3f8       0x9c /Users/leroy_k/devkitPro/libogc/lib/cube/libpng.a(png.o)
 .text.png_build_8bit_table
                0x8009f494       0xc4 /Users/leroy_k/devkitPro/libogc/lib/cube/libpng.a(png.o)
 .text.png_gamma_16bit_correct.part.2
                0x8009f558       0x9c /Users/leroy_k/devkitPro/libogc/lib/cube/libpng.a(png.o)
 .text.png_set_sig_bytes
                0x8009f5f4       0x40 /Users/leroy_k/devkitPro/libogc/lib/cube/libpng.a(png.o)
                0x8009f5f4                png_set_sig_bytes
 .text.png_sig_cmp
                0x8009f634       0x80 /Users/leroy_k/devkitPro/libogc/lib/cube/libpng.a(png.o)
                0x8009f634                png_sig_cmp
 .text.png_zalloc
                0x8009f6b4       0x6c /Users/leroy_k/devkitPro/libogc/lib/cube/libpng.a(png.o)
                0x8009f6b4                png_zalloc
 .text.png_zfree
                0x8009f720        0x4 /Users/leroy_k/devkitPro/libogc/lib/cube/libpng.a(png.o)
                0x8009f720                png_zfree
 .text.png_reset_crc
                0x8009f724       0x3c /Users/leroy_k/devkitPro/libogc/lib/cube/libpng.a(png.o)
                0x8009f724                png_reset_crc
 .text.png_calculate_crc
                0x8009f760       0x74 /Users/leroy_k/devkitPro/libogc/lib/cube/libpng.a(png.o)
                0x8009f760                png_calculate_crc
 .text.png_user_version_check
                0x8009f7d4      0x10c /Users/leroy_k/devkitPro/libogc/lib/cube/libpng.a(png.o)
                0x8009f7d4                png_user_version_check
 .text.png_info_init_3
                0x8009f8e0       0x84 /Users/leroy_k/devkitPro/libogc/lib/cube/libpng.a(png.o)
                0x8009f8e0                png_info_init_3
 .text.png_create_info_struct
                0x8009f964       0x5c /Users/leroy_k/devkitPro/libogc/lib/cube/libpng.a(png.o)
                0x8009f964                png_create_info_struct
 .text.png_free_data
                0x8009f9c0      0x524 /Users/leroy_k/devkitPro/libogc/lib/cube/libpng.a(png.o)
                0x8009f9c0                png_free_data
 .text.png_info_destroy
                0x8009fee4       0x68 /Users/leroy_k/devkitPro/libogc/lib/cube/libpng.a(png.o)
                0x8009fee4                png_info_destroy
 .text.png_get_io_ptr
                0x8009ff4c       0x18 /Users/leroy_k/devkitPro/libogc/lib/cube/libpng.a(png.o)
                0x8009ff4c                png_get_io_ptr
 .text.png_init_io
                0x8009ff64       0x10 /Users/leroy_k/devkitPro/libogc/lib/cube/libpng.a(png.o)
                0x8009ff64                png_init_io
 .text.png_handle_as_unknown
                0x8009ff74       0xb4 /Users/leroy_k/devkitPro/libogc/lib/cube/libpng.a(png.o)
                0x8009ff74                png_handle_as_unknown
 .text.png_chunk_unknown_handling
                0x800a0028       0x4c /Users/leroy_k/devkitPro/libogc/lib/cube/libpng.a(png.o)
                0x800a0028                png_chunk_unknown_handling
 .text.png_check_IHDR
                0x800a0074      0x31c /Users/leroy_k/devkitPro/libogc/lib/cube/libpng.a(png.o)
                0x800a0074                png_check_IHDR
 .text.png_check_fp_number
                0x800a0390      0x17c /Users/leroy_k/devkitPro/libogc/lib/cube/libpng.a(png.o)
                0x800a0390                png_check_fp_number
 .text.png_check_fp_string
                0x800a050c       0x74 /Users/leroy_k/devkitPro/libogc/lib/cube/libpng.a(png.o)
                0x800a050c                png_check_fp_string
 .text.png_muldiv
                0x800a0580      0x10c /Users/leroy_k/devkitPro/libogc/lib/cube/libpng.a(png.o)
                0x800a0580                png_muldiv
 .text.png_reciprocal
                0x800a068c       0xa4 /Users/leroy_k/devkitPro/libogc/lib/cube/libpng.a(png.o)
                0x800a068c                png_reciprocal
 .text.png_XYZ_from_xy
                0x800a0730      0x3d8 /Users/leroy_k/devkitPro/libogc/lib/cube/libpng.a(png.o)
                0x800a0730                png_XYZ_from_xy
 .text.png_XYZ_from_xy_checked
                0x800a0b08       0xbc /Users/leroy_k/devkitPro/libogc/lib/cube/libpng.a(png.o)
                0x800a0b08                png_XYZ_from_xy_checked
 .text.png_reciprocal2
                0x800a0bc4       0xbc /Users/leroy_k/devkitPro/libogc/lib/cube/libpng.a(png.o)
                0x800a0bc4                png_reciprocal2
 .text.png_64bit_product
                0x800a0c80       0x4c /Users/leroy_k/devkitPro/libogc/lib/cube/libpng.a(png.o)
                0x800a0c80                png_64bit_product
 .text.png_check_cHRM_fixed
                0x800a0ccc      0x274 /Users/leroy_k/devkitPro/libogc/lib/cube/libpng.a(png.o)
                0x800a0ccc                png_check_cHRM_fixed
 .text.png_gamma_8bit_correct
                0x800a0f40       0x18 /Users/leroy_k/devkitPro/libogc/lib/cube/libpng.a(png.o)
                0x800a0f40                png_gamma_8bit_correct
 .text.png_gamma_correct
                0x800a0f58       0x5c /Users/leroy_k/devkitPro/libogc/lib/cube/libpng.a(png.o)
                0x800a0f58                png_gamma_correct
 .text.png_gamma_significant
                0x800a0fb4       0x18 /Users/leroy_k/devkitPro/libogc/lib/cube/libpng.a(png.o)
                0x800a0fb4                png_gamma_significant
 .text.png_destroy_gamma_table
                0x800a0fcc      0x184 /Users/leroy_k/devkitPro/libogc/lib/cube/libpng.a(png.o)
                0x800a0fcc                png_destroy_gamma_table
 .text.png_build_gamma_table
                0x800a1150      0x578 /Users/leroy_k/devkitPro/libogc/lib/cube/libpng.a(png.o)
                0x800a1150                png_build_gamma_table
 .text.png_format_buffer.isra.0
                0x800a16c8      0x118 /Users/leroy_k/devkitPro/libogc/lib/cube/libpng.a(pngerror.o)
 .text.png_safecat
                0x800a17e0       0xa4 /Users/leroy_k/devkitPro/libogc/lib/cube/libpng.a(pngerror.o)
                0x800a17e0                png_safecat
 .text.png_format_number
                0x800a1884      0x198 /Users/leroy_k/devkitPro/libogc/lib/cube/libpng.a(pngerror.o)
                0x800a1884                png_format_number
 .text.png_warning
                0x800a1a1c       0xbc /Users/leroy_k/devkitPro/libogc/lib/cube/libpng.a(pngerror.o)
                0x800a1a1c                png_warning
 .text.png_warning_parameter
                0x800a1ad8       0x28 /Users/leroy_k/devkitPro/libogc/lib/cube/libpng.a(pngerror.o)
                0x800a1ad8                png_warning_parameter
 .text.png_warning_parameter_unsigned
                0x800a1b00       0x50 /Users/leroy_k/devkitPro/libogc/lib/cube/libpng.a(pngerror.o)
                0x800a1b00                png_warning_parameter_unsigned
 .text.png_warning_parameter_signed
                0x800a1b50       0xb4 /Users/leroy_k/devkitPro/libogc/lib/cube/libpng.a(pngerror.o)
                0x800a1b50                png_warning_parameter_signed
 .text.png_formatted_warning
                0x800a1c04      0x130 /Users/leroy_k/devkitPro/libogc/lib/cube/libpng.a(pngerror.o)
                0x800a1c04                png_formatted_warning
 .text.png_chunk_warning
                0x800a1d34       0x48 /Users/leroy_k/devkitPro/libogc/lib/cube/libpng.a(pngerror.o)
                0x800a1d34                png_chunk_warning
 .text.png_set_longjmp_fn
                0x800a1d7c       0x28 /Users/leroy_k/devkitPro/libogc/lib/cube/libpng.a(pngerror.o)
                0x800a1d7c                png_set_longjmp_fn
 .text.png_longjmp
                0x800a1da4       0x2c /Users/leroy_k/devkitPro/libogc/lib/cube/libpng.a(pngerror.o)
                0x800a1da4                png_longjmp
 .text.png_error
                0x800a1dd0       0x84 /Users/leroy_k/devkitPro/libogc/lib/cube/libpng.a(pngerror.o)
                0x800a1dd0                png_error
 .text.png_benign_error
                0x800a1e54       0x20 /Users/leroy_k/devkitPro/libogc/lib/cube/libpng.a(pngerror.o)
                0x800a1e54                png_benign_error
 .text.png_chunk_error
                0x800a1e74       0x34 /Users/leroy_k/devkitPro/libogc/lib/cube/libpng.a(pngerror.o)
                0x800a1e74                png_chunk_error
 .text.png_chunk_benign_error
                0x800a1ea8       0x20 /Users/leroy_k/devkitPro/libogc/lib/cube/libpng.a(pngerror.o)
                0x800a1ea8                png_chunk_benign_error
 .text.png_set_error_fn
                0x800a1ec8       0x18 /Users/leroy_k/devkitPro/libogc/lib/cube/libpng.a(pngerror.o)
                0x800a1ec8                png_set_error_fn
 .text.png_get_rowbytes
                0x800a1ee0       0x20 /Users/leroy_k/devkitPro/libogc/lib/cube/libpng.a(pngget.o)
                0x800a1ee0                png_get_rowbytes
 .text.png_get_bKGD
                0x800a1f00       0x40 /Users/leroy_k/devkitPro/libogc/lib/cube/libpng.a(pngget.o)
                0x800a1f00                png_get_bKGD
 .text.png_get_IHDR
                0x800a1f40       0xd0 /Users/leroy_k/devkitPro/libogc/lib/cube/libpng.a(pngget.o)
                0x800a1f40                png_get_IHDR
 .text.png_get_tRNS
                0x800a2010       0xa0 /Users/leroy_k/devkitPro/libogc/lib/cube/libpng.a(pngget.o)
                0x800a2010                png_get_tRNS
 .text.png_create_struct_2
                0x800a20b0       0xa4 /Users/leroy_k/devkitPro/libogc/lib/cube/libpng.a(pngmem.o)
                0x800a20b0                png_create_struct_2
 .text.png_create_struct
                0x800a2154        0xc /Users/leroy_k/devkitPro/libogc/lib/cube/libpng.a(pngmem.o)
                0x800a2154                png_create_struct
 .text.png_destroy_struct_2
                0x800a2160       0x48 /Users/leroy_k/devkitPro/libogc/lib/cube/libpng.a(pngmem.o)
                0x800a2160                png_destroy_struct_2
 .text.png_destroy_struct
                0x800a21a8        0xc /Users/leroy_k/devkitPro/libogc/lib/cube/libpng.a(pngmem.o)
                0x800a21a8                png_destroy_struct
 .text.png_malloc
                0x800a21b4       0x90 /Users/leroy_k/devkitPro/libogc/lib/cube/libpng.a(pngmem.o)
                0x800a21b4                png_malloc
 .text.png_calloc
                0x800a2244       0x4c /Users/leroy_k/devkitPro/libogc/lib/cube/libpng.a(pngmem.o)
                0x800a2244                png_calloc
 .text.png_free
                0x800a2290       0x2c /Users/leroy_k/devkitPro/libogc/lib/cube/libpng.a(pngmem.o)
                0x800a2290                png_free
 .text.png_malloc_warn
                0x800a22bc       0x50 /Users/leroy_k/devkitPro/libogc/lib/cube/libpng.a(pngmem.o)
                0x800a22bc                png_malloc_warn
 .text.png_set_mem_fn
                0x800a230c       0x18 /Users/leroy_k/devkitPro/libogc/lib/cube/libpng.a(pngmem.o)
                0x800a230c                png_set_mem_fn
 .text.png_create_read_struct_2
                0x800a2324      0x2b0 /Users/leroy_k/devkitPro/libogc/lib/cube/libpng.a(pngread.o)
                0x800a2324                png_create_read_struct_2
 .text.png_create_read_struct
                0x800a25d4       0x10 /Users/leroy_k/devkitPro/libogc/lib/cube/libpng.a(pngread.o)
                0x800a25d4                png_create_read_struct
 .text.png_read_info
                0x800a25e4      0x460 /Users/leroy_k/devkitPro/libogc/lib/cube/libpng.a(pngread.o)
                0x800a25e4                png_read_info
 .text.png_read_update_info
                0x800a2a44       0x50 /Users/leroy_k/devkitPro/libogc/lib/cube/libpng.a(pngread.o)
                0x800a2a44                png_read_update_info
 .text.png_read_row
                0x800a2a94      0x528 /Users/leroy_k/devkitPro/libogc/lib/cube/libpng.a(pngread.o)
                0x800a2a94                png_read_row
 .text.png_read_image
                0x800a2fbc      0x114 /Users/leroy_k/devkitPro/libogc/lib/cube/libpng.a(pngread.o)
                0x800a2fbc                png_read_image
 .text.png_read_destroy
                0x800a30d0      0x18c /Users/leroy_k/devkitPro/libogc/lib/cube/libpng.a(pngread.o)
                0x800a30d0                png_read_destroy
 .text.png_destroy_read_struct
                0x800a325c      0x13c /Users/leroy_k/devkitPro/libogc/lib/cube/libpng.a(pngread.o)
                0x800a325c                png_destroy_read_struct
 .text.png_default_read_data
                0x800a3398       0x60 /Users/leroy_k/devkitPro/libogc/lib/cube/libpng.a(pngrio.o)
                0x800a3398                png_default_read_data
 .text.png_read_data
                0x800a33f8       0x2c /Users/leroy_k/devkitPro/libogc/lib/cube/libpng.a(pngrio.o)
                0x800a33f8                png_read_data
 .text.png_set_read_fn
                0x800a3424       0x78 /Users/leroy_k/devkitPro/libogc/lib/cube/libpng.a(pngrio.o)
                0x800a3424                png_set_read_fn
 .text.png_set_strip_16
                0x800a349c       0x18 /Users/leroy_k/devkitPro/libogc/lib/cube/libpng.a(pngrtran.o)
                0x800a349c                png_set_strip_16
 .text.png_set_strip_alpha
                0x800a34b4       0x18 /Users/leroy_k/devkitPro/libogc/lib/cube/libpng.a(pngrtran.o)
                0x800a34b4                png_set_strip_alpha
 .text.png_set_gray_to_rgb
                0x800a34cc       0x24 /Users/leroy_k/devkitPro/libogc/lib/cube/libpng.a(pngrtran.o)
                0x800a34cc                png_set_gray_to_rgb
 .text.png_init_read_transformations
                0x800a34f0      0xd48 /Users/leroy_k/devkitPro/libogc/lib/cube/libpng.a(pngrtran.o)
                0x800a34f0                png_init_read_transformations
 .text.png_read_transform_info
                0x800a4238      0x2f8 /Users/leroy_k/devkitPro/libogc/lib/cube/libpng.a(pngrtran.o)
                0x800a4238                png_read_transform_info
 .text.png_do_unpack
                0x800a4530      0x1b8 /Users/leroy_k/devkitPro/libogc/lib/cube/libpng.a(pngrtran.o)
                0x800a4530                png_do_unpack
 .text.png_do_unshift
                0x800a46e8      0x22c /Users/leroy_k/devkitPro/libogc/lib/cube/libpng.a(pngrtran.o)
                0x800a46e8                png_do_unshift
 .text.png_do_scale_16_to_8
                0x800a4914       0x78 /Users/leroy_k/devkitPro/libogc/lib/cube/libpng.a(pngrtran.o)
                0x800a4914                png_do_scale_16_to_8
 .text.png_do_chop
                0x800a498c       0x58 /Users/leroy_k/devkitPro/libogc/lib/cube/libpng.a(pngrtran.o)
                0x800a498c                png_do_chop
 .text.png_do_read_swap_alpha
                0x800a49e4      0x130 /Users/leroy_k/devkitPro/libogc/lib/cube/libpng.a(pngrtran.o)
                0x800a49e4                png_do_read_swap_alpha
 .text.png_do_read_invert_alpha
                0x800a4b14       0xf8 /Users/leroy_k/devkitPro/libogc/lib/cube/libpng.a(pngrtran.o)
                0x800a4b14                png_do_read_invert_alpha
 .text.png_do_read_filler
                0x800a4c0c      0x368 /Users/leroy_k/devkitPro/libogc/lib/cube/libpng.a(pngrtran.o)
                0x800a4c0c                png_do_read_filler
 .text.png_do_gray_to_rgb
                0x800a4f74      0x23c /Users/leroy_k/devkitPro/libogc/lib/cube/libpng.a(pngrtran.o)